Archive member included because of file (symbol)

c:/hightec/toolchains/tricore/v4.9.1.0-infineon-2.0/bin/../lib/gcc/tricore/4.9.4\libgcc.a(memcpy.o)
                              2_Out/Gnuc/0_Src/0_AppSw/Tricore/app/Cpu0_Main.o (memcpy)
c:/hightec/toolchains/tricore/v4.9.1.0-infineon-2.0/bin/../lib/gcc/tricore/4.9.4\libgcc.a(memset.o)
                              2_Out/Gnuc/0_Src/0_AppSw/Tricore/app/Cpu0_Main.o (memset)
c:/hightec/toolchains/tricore/v4.9.1.0-infineon-2.0/bin/../lib/gcc/tricore/4.9.4\libgcc.a(_fixunssfdi.o)
                              2_Out/Gnuc/0_Src/4_McHal/Tricore/Msc/Std/IfxMsc.o (__fixunssfdi)
c:/hightec/toolchains/tricore/v4.9.1.0-infineon-2.0/bin/../lib/gcc/tricore/4.9.4\libgcc.a(_floatdisf.o)
                              2_Out/Gnuc/0_Src/1_SrvSw/DspLib/src/Ifx_vecAbsQ15F32.o (__floatdisf)
c:/hightec/toolchains/tricore/v4.9.1.0-infineon-2.0/bin/../lib/gcc/tricore/4.9.4\libgcc.a(_floatundisf.o)
                              2_Out/Gnuc/0_Src/4_McHal/Tricore/Psi5s/Psi5s/IfxPsi5s_Psi5s.o (__floatundisf)
c:/hightec/toolchains/tricore/v4.9.1.0-infineon-2.0/bin/../lib/gcc/tricore/4.9.4\libgcc.a(_sf_to_df.o)
                              2_Out/Gnuc/0_Src/1_SrvSw/DspLib/src/Ifx_acosF32.o (__extendsfdf2)
c:/hightec/toolchains/tricore/v4.9.1.0-infineon-2.0/bin/../lib/gcc/tricore/4.9.4\libgcc.a(_addsub_df.o)
                              2_Out/Gnuc/0_Src/1_SrvSw/DspLib/src/Ifx_vecAvgQ15F32.o (__adddf3)
c:/hightec/toolchains/tricore/v4.9.1.0-infineon-2.0/bin/../lib/gcc/tricore/4.9.4\libgcc.a(_mul_df.o)
                              c:/hightec/toolchains/tricore/v4.9.1.0-infineon-2.0/bin/../lib/gcc/tricore/4.9.4\libgcc.a(_fixunssfdi.o) (__muldf3)
c:/hightec/toolchains/tricore/v4.9.1.0-infineon-2.0/bin/../lib/gcc/tricore/4.9.4\libgcc.a(_div_df.o)
                              2_Out/Gnuc/0_Src/1_SrvSw/DspLib/src/Ifx_vecAvgQ15F32.o (__divdf3)
c:/hightec/toolchains/tricore/v4.9.1.0-infineon-2.0/bin/../lib/gcc/tricore/4.9.4\libgcc.a(_si_to_df.o)
                              c:/hightec/toolchains/tricore/v4.9.1.0-infineon-2.0/bin/../lib/gcc/tricore/4.9.4\libgcc.a(_floatdisf.o) (__floatsidf)
c:/hightec/toolchains/tricore/v4.9.1.0-infineon-2.0/bin/../lib/gcc/tricore/4.9.4\libgcc.a(_make_df.o)
                              c:/hightec/toolchains/tricore/v4.9.1.0-infineon-2.0/bin/../lib/gcc/tricore/4.9.4\libgcc.a(_sf_to_df.o) (__make_dp)
c:/hightec/toolchains/tricore/v4.9.1.0-infineon-2.0/bin/../lib/gcc/tricore/4.9.4\libgcc.a(_df_to_sf.o)
                              2_Out/Gnuc/0_Src/1_SrvSw/DspLib/src/Ifx_mtxSvdComplexF32.o (__truncdfsf2)
c:/hightec/toolchains/tricore/v4.9.1.0-infineon-2.0/bin/../lib/gcc/tricore/4.9.4\libgcc.a(_thenan_df.o)
                              c:/hightec/toolchains/tricore/v4.9.1.0-infineon-2.0/bin/../lib/gcc/tricore/4.9.4\libgcc.a(_addsub_df.o) (__thenan_df)
c:/hightec/toolchains/tricore/v4.9.1.0-infineon-2.0/bin/../lib/gcc/tricore/4.9.4\libgcc.a(_usi_to_df.o)
                              2_Out/Gnuc/0_Src/1_SrvSw/DspLib/src/Ifx_vecAvgQ15F32.o (__floatunsidf)
c:/hightec/toolchains/tricore/v4.9.1.0-infineon-2.0/bin/../lib/gcc/tricore/4.9.4\libgcc.a(divdi3.o)
                              2_Out/Gnuc/0_Src/1_SrvSw/SysSe/Time/Ifx_DateTime.o (__divdi3)
c:/hightec/toolchains/tricore/v4.9.1.0-infineon-2.0/bin/../lib/gcc/tricore/4.9.4\libgcc.a(udivdi3.o)
                              2_Out/Gnuc/0_Src/4_McHal/Tricore/Psi5/Psi5/IfxPsi5_Psi5.o (__udivdi3)
c:/hightec/toolchains/tricore/v4.9.1.0-infineon-2.0/bin/../lib/gcc/tricore/4.9.4\libgcc.a(memmove.o)
                              2_Out/Gnuc/0_Src/1_SrvSw/DspLib/src/Ifx_firRealQ15.o (memmove)
c:/hightec/toolchains/tricore/v4.9.1.0-infineon-2.0/bin/../lib/gcc/tricore/4.9.4\libgcc.a(_ashldi3.o)
                              c:/hightec/toolchains/tricore/v4.9.1.0-infineon-2.0/bin/../lib/gcc/tricore/4.9.4\libgcc.a(_addsub_df.o) (__ashldi3)
c:/hightec/toolchains/tricore/v4.9.1.0-infineon-2.0/bin/../lib/gcc/tricore/4.9.4\libgcc.a(_lshrdi3.o)
                              c:/hightec/toolchains/tricore/v4.9.1.0-infineon-2.0/bin/../lib/gcc/tricore/4.9.4\libgcc.a(_addsub_df.o) (__lshrdi3)
c:/hightec/toolchains/tricore/v4.9.1.0-infineon-2.0/bin/../lib/gcc/tricore/4.9.4\libgcc.a(_fixunsdfsi.o)
                              c:/hightec/toolchains/tricore/v4.9.1.0-infineon-2.0/bin/../lib/gcc/tricore/4.9.4\libgcc.a(_fixunssfdi.o) (__fixunsdfsi)
c:/hightec/toolchains/tricore/v4.9.1.0-infineon-2.0/bin/../lib/gcc/tricore/4.9.4\libgcc.a(_unpack_sf.o)
                              c:/hightec/toolchains/tricore/v4.9.1.0-infineon-2.0/bin/../lib/gcc/tricore/4.9.4\libgcc.a(_sf_to_df.o) (__unpack_f)
c:/hightec/toolchains/tricore/v4.9.1.0-infineon-2.0/bin/../lib/gcc/tricore/4.9.4\libgcc.a(_make_sf.o)
                              c:/hightec/toolchains/tricore/v4.9.1.0-infineon-2.0/bin/../lib/gcc/tricore/4.9.4\libgcc.a(_df_to_sf.o) (__make_fp)
c:/hightec/toolchains/tricore/v4.9.1.0-infineon-2.0/bin/../lib/gcc/tricore/4.9.4\libgcc.a(_pack_df.o)
[...]
Memory Configuration

Name             Origin             Length             Used               Free               Attributes
dsram2_local     0xd0000000         0x0001e000         0x00000000         0x0001e000         w !xp
dsram2           0x50000000         0x0001e000         0x0001dc00         0x00000400         w !xp
psram2           0x50100000         0x00006000         0x00000000         0x00006000         w !xp
dsram1_local     0xd0000000         0x0001e000         0x00000000         0x0001e000         w !xp
dsram1           0x60000000         0x0001e000         0x0001dc00         0x00000400         w !xp
psram1           0x60100000         0x00006000         0x00000000         0x00006000         w !xp
dsram0_local     0xd0000000         0x0001c000         0x00000000         0x0001c000         w !xp
dsram0           0x70000000         0x0001c000         0x0001bc00         0x00000400         w !xp
psram0           0x70100000         0x00006000         0x00000000         0x00006000         w !xp
psram_local      0xc0000000         0x00006000         0x00000000         0x00006000         w !xp
pfls0            0x80000000         0x00200000         0x001f418e         0x0000be72         xr !p
pfls0_nc         0xa0000000         0x00200000         0x00000000         0x00200000         xr !p
pfls1            0x80200000         0x00200000         0x00000000         0x00200000         xr !p
pfls1_nc         0xa0200000         0x00200000         0x00000000         0x00200000         xr !p
dfls0            0xaf000000         0x00060000         0x00000000         0x00060000         xr !p
lmuram           0x90000000         0x00008000         0x00000000         0x00008000         w !xp
lmuram_nc        0xb0000000         0x00008000         0x00000000         0x00008000         w !xp
edmem            0x9f000000         0x00100000         0x00000000         0x00100000         w !xp
edmem_nc         0xbf000000         0x00100000         0x00000000         0x00100000         w !xp
*default*        0x00000000         0xffffffff         0x000d0411         0xfff2fbee

List of aliases

dsram1          : default_ram

Memory region maps:

CORE     Local Region   Global Region
CPU2     0xd0000000     0x50000000
CPU1     0xd0000000     0x60000000
CPU0     0xd0000000     0x70000000


Linker script and memory map

                0x00000270                __TRICORE_DERIVATE_MEMORY_MAP__ = 0x270
                0x00002000                LCF_CSA0_SIZE = 0x2000
                0x00000800                LCF_USTACK0_SIZE = 0x800
                0x00000400                LCF_ISTACK0_SIZE = 0x400
                0x00002000                LCF_CSA1_SIZE = 0x2000
                0x00000800                LCF_USTACK1_SIZE = 0x800
                0x00000400                LCF_ISTACK1_SIZE = 0x400
                0x00002000                LCF_CSA2_SIZE = 0x2000
                0x00000800                LCF_USTACK2_SIZE = 0x800
                0x00000400                LCF_ISTACK2_SIZE = 0x400
                0x00002000                LCF_HEAP_SIZE = 0x2000
                0x50000000                LCF_DSPR2_START = 0x50000000
                0x0001e000                LCF_DSPR2_SIZE = 0x1e000
                0x60000000                LCF_DSPR1_START = 0x60000000
                0x0001e000                LCF_DSPR1_SIZE = 0x1e000
                0x70000000                LCF_DSPR0_START = 0x70000000
                0x0001c000                LCF_DSPR0_SIZE = 0x1c000
                0x0001bc00                LCF_CSA2_OFFSET = ((LCF_DSPR2_SIZE - 0x400) - LCF_CSA2_SIZE)
                0x0001b700                LCF_ISTACK2_OFFSET = ((LCF_CSA2_OFFSET - 0x100) - LCF_ISTACK2_SIZE)
                0x0001ae00                LCF_USTACK2_OFFSET = ((LCF_ISTACK2_OFFSET - 0x100) - LCF_USTACK2_SIZE)
                0x0001bc00                LCF_CSA1_OFFSET = ((LCF_DSPR1_SIZE - 0x400) - LCF_CSA1_SIZE)
                0x0001b700                LCF_ISTACK1_OFFSET = ((LCF_CSA1_OFFSET - 0x100) - LCF_ISTACK1_SIZE)
                0x0001ae00                LCF_USTACK1_OFFSET = ((LCF_ISTACK1_OFFSET - 0x100) - LCF_USTACK1_SIZE)
                0x00019c00                LCF_CSA0_OFFSET = ((LCF_DSPR0_SIZE - 0x400) - LCF_CSA0_SIZE)
                0x00019700                LCF_ISTACK0_OFFSET = ((LCF_CSA0_OFFSET - 0x100) - LCF_ISTACK0_SIZE)
                0x00018e00                LCF_USTACK0_OFFSET = ((LCF_ISTACK0_OFFSET - 0x100) - LCF_USTACK0_SIZE)
                0x00016e00                LCF_HEAP0_OFFSET = (LCF_USTACK0_OFFSET - LCF_HEAP_SIZE)
                0x00018e00                LCF_HEAP1_OFFSET = (LCF_USTACK1_OFFSET - LCF_HEAP_SIZE)
                0x00018e00                LCF_HEAP2_OFFSET = (LCF_USTACK2_OFFSET - LCF_HEAP_SIZE)
                0x801f4000                LCF_INTVEC0_START = 0x801f4000
                0x80000100                LCF_TRAPVEC0_START = 0x80000100
                0x801f6100                LCF_TRAPVEC1_START = 0x801f6100
                0x801f6000                LCF_TRAPVEC2_START = 0x801f6000
                0x80000020                RESET = 0x80000020
                0x7001c000                _estack = 0x7001c000
                0x00000000                _Min_Heap_Size = 0x0
                0x00000800                _Min_Stack_Size = 0x800
                0xaf000000                __config_start = 0xaf000000
                0xaf002000                __config_end = 0xaf002000

.bmhd_0         memory region -> pfls0
                0x80000000       0x20
                0x80000000                BootModeHeader0 = .
 *(.bmhd_0)
 .bmhd_0        0x80000000       0x20 2_Out/Gnuc/0_Src/4_McHal/Tricore/Cpu/CStart/IfxCpu_CStart0.o
                0x80000000                BootModeHeader_0

.bmhd_1         memory region -> pfls0
                0x80020000       0x20
                0x80020000                BootModeIndex = .
 *(.bmhd_1)
 .bmhd_1        0x80020000       0x20 2_Out/Gnuc/0_Src/4_McHal/Tricore/Cpu/CStart/IfxCpu_CStart0.o
                0x80020000                BootModeHeader_1

.startup        memory region -> pfls0
                0x80000020       0x10
                0x80000020                BootModeIndex = .
                0x80000020                . = ALIGN (0x4)
 *(.start)
 .start         0x80000020       0x10 2_Out/Gnuc/0_Src/4_McHal/Tricore/Cpu/CStart/IfxCpu_CStart0.o
                0x80000020                _START
                0x80000030                . = ALIGN (0x4)

.interface_const memory region -> pfls0
                0x80000040        0x0
                0x80000040                __IF_CONST = .
 *(.interface_const)
                0x80000040                . = ALIGN (0x4)

.traptab_tc0    memory region -> pfls0
                0x80000100      0x100
                0x80000100                PROVIDE (__TRAPTAB_CPU0, .)
 *(.traptab_cpu0)
 .traptab_cpu0  0x80000100      0x100 2_Out/Gnuc/0_Src/4_McHal/Tricore/Cpu/Trap/IfxCpu_Trap.o
                0x80000100                IfxCpu_Trap_vectorTable0

.zrodata
 *(.zrodata)
 *(.zrodata.*)

.sdata2         memory region -> pfls0
                0x80000200        0x8
 *(.srodata)
 .srodata       0x80000200        0x8 2_Out/Gnuc/0_Src/4_McHal/Tricore/_Impl/IfxI2c_cfg.o
                0x80000200                IfxI2c_cfg_indexMap
 *(.srodata.*)
                0x80008200                _SMALL_DATA2_ = SIZEOF (.sdata2)?(ADDR (.sdata2) + 0x8000):((ADDR (.sdata2) & 0xf0000000) + 0x8000)
                0x80008200                __A1_MEM = _SMALL_DATA2_

.rodata         memory region -> pfls0
                0x80000208      0xa40
 *(.rodata)
 .rodata        0x80000208       0x1a 2_Out/Gnuc/0_Src/0_AppSw/Tricore/app/Cpu0_Main.o
 *fill*         0x80000222        0x2 00
 .rodata        0x80000224        0xc 2_Out/Gnuc/0_Src/0_AppSw/Tricore/app/Cpu1_Main.o
 .rodata        0x80000230       0x14 2_Out/Gnuc/0_Src/4_McHal/Tricore/Gtm/Std/IfxGtm_Tom.o
 .rodata        0x80000244       0x78 2_Out/Gnuc/0_Src/4_McHal/Tricore/Scu/Std/IfxScuCcu.o
                0x80000268                IfxScuCcu_defaultClockConfig
 .rodata        0x800002bc       0x20 2_Out/Gnuc/0_Src/4_McHal/Tricore/_Impl/IfxAsclin_cfg.o
                0x800002bc                IfxAsclin_cfg_indexMap
 .rodata        0x800002dc       0x18 2_Out/Gnuc/0_Src/4_McHal/Tricore/_Impl/IfxCpu_cfg.o
                0x800002dc                IfxCpu_cfg_indexMap
 .rodata        0x800002f4      0x100 2_Out/Gnuc/0_Src/4_McHal/Tricore/_Impl/IfxPort_cfg.o
                0x800002f4                IfxPort_cfg_esrMasks
                0x80000374                IfxPort_cfg_indexMap
 .rodata        0x800003f4      0x6b0 2_Out/Gnuc/0_Src/4_McHal/Tricore/_PinMap/IfxAsclin_PinMap.o
                0x800003f4                IfxAsclin0_CTSA_P14_9_IN
                0x80000404                IfxAsclin1_CTSA_P20_7_IN
                0x80000414                IfxAsclin1_CTSB_P32_4_IN
                0x80000424                IfxAsclin2_CTSA_P10_7_IN
                0x80000434                IfxAsclin2_CTSB_P33_5_IN
                0x80000444                IfxAsclin3_CTSA_P00_12_IN
                0x80000454                IfxAsclin0_RTS_P14_7_OUT
                0x80000464                IfxAsclin1_RTS_P20_6_OUT
                0x80000474                IfxAsclin1_RTS_P23_1_OUT
                0x80000484                IfxAsclin2_RTS_P10_8_OUT
                0x80000494                IfxAsclin2_RTS_P33_4_OUT
                0x800004a4                IfxAsclin3_RTS_P00_9_OUT
                0x800004b4                IfxAsclin0_RXA_P14_1_IN
                0x800004c4                IfxAsclin0_RXB_P15_3_IN
                0x800004d4                IfxAsclin0_RXD_P34_2_IN
                0x800004e4                IfxAsclin1_RXA_P15_1_IN
                0x800004f4                IfxAsclin1_RXB_P15_5_IN
                0x80000504                IfxAsclin1_RXC_P20_9_IN
                0x80000514                IfxAsclin1_RXD_P14_8_IN
                0x80000524                IfxAsclin1_RXE_P11_10_IN
                0x80000534                IfxAsclin1_RXF_P33_13_IN
                0x80000544                IfxAsclin1_RXG_P02_3_IN
                0x80000554                IfxAsclin2_RXA_P14_3_IN
                0x80000564                IfxAsclin2_RXB_P02_1_IN
                0x80000574                IfxAsclin2_RXC_P02_10_IN
                0x80000584                IfxAsclin2_RXD_P10_6_IN
                0x80000594                IfxAsclin2_RXE_P33_8_IN
                0x800005a4                IfxAsclin2_RXF_P32_6_IN
                0x800005b4                IfxAsclin2_RXG_P02_0_IN
                0x800005c4                IfxAsclin3_RXA_P15_7_IN
                0x800005d4                IfxAsclin3_RXB_P11_0_IN
                0x800005e4                IfxAsclin3_RXC_P20_3_IN
                0x800005f4                IfxAsclin3_RXD_P32_2_IN
                0x80000604                IfxAsclin3_RXE_P00_1_IN
                0x80000614                IfxAsclin3_RXF_P21_6_IN
                0x80000624                IfxAsclin3_RXG_P21_2_IN
                0x80000634                IfxAsclin3_RXG_P21_3_IN
                0x80000644                IfxAsclin0_SCLK_P14_0_OUT
                0x80000654                IfxAsclin0_SCLK_P15_2_OUT
                0x80000664                IfxAsclin1_SCLK_P15_0_OUT
                0x80000674                IfxAsclin1_SCLK_P20_10_OUT
                0x80000684                IfxAsclin1_SCLK_P33_11_OUT
                0x80000694                IfxAsclin1_SCLK_P33_12_OUT
                0x800006a4                IfxAsclin2_SCLK_P02_4_OUT
                0x800006b4                IfxAsclin2_SCLK_P10_6_OUT
                0x800006c4                IfxAsclin2_SCLK_P14_2_OUT
                0x800006d4                IfxAsclin2_SCLK_P33_7_OUT
                0x800006e4                IfxAsclin2_SCLK_P33_9_OUT
                0x800006f4                IfxAsclin3_SCLK_P00_0_OUT
                0x80000704                IfxAsclin3_SCLK_P00_2_OUT
                0x80000714                IfxAsclin3_SCLK_P11_1_OUT
                0x80000724                IfxAsclin3_SCLK_P11_4_OUT
                0x80000734                IfxAsclin3_SCLK_P15_6_OUT
                0x80000744                IfxAsclin3_SCLK_P15_8_OUT
                0x80000754                IfxAsclin3_SCLK_P20_0_OUT
                0x80000764                IfxAsclin3_SCLK_P21_5_OUT
                0x80000774                IfxAsclin3_SCLK_P21_7_OUT
                0x80000784                IfxAsclin3_SCLK_P32_3_OUT
                0x80000794                IfxAsclin3_SCLK_P33_2_OUT
                0x800007a4                IfxAsclin1_SLSO_P14_3_OUT
                0x800007b4                IfxAsclin1_SLSO_P20_8_OUT
                0x800007c4                IfxAsclin1_SLSO_P33_10_OUT
                0x800007d4                IfxAsclin2_SLSO_P02_3_OUT
                0x800007e4                IfxAsclin2_SLSO_P10_5_OUT
                0x800007f4                IfxAsclin2_SLSO_P33_6_OUT
                0x80000804                IfxAsclin3_SLSO_P00_3_OUT
                0x80000814                IfxAsclin3_SLSO_P12_1_OUT
                0x80000824                IfxAsclin3_SLSO_P14_3_OUT
                0x80000834                IfxAsclin3_SLSO_P21_2_OUT
                0x80000844                IfxAsclin3_SLSO_P21_6_OUT
                0x80000854                IfxAsclin3_SLSO_P33_1_OUT
                0x80000864                IfxAsclin0_TX_P14_0_OUT
                0x80000874                IfxAsclin0_TX_P14_1_OUT
                0x80000884                IfxAsclin0_TX_P15_2_OUT
                0x80000894                IfxAsclin0_TX_P15_3_OUT
                0x800008a4                IfxAsclin0_TX_P34_1_OUT
                0x800008b4                IfxAsclin1_TX_P02_2_OUT
                0x800008c4                IfxAsclin1_TX_P11_12_OUT
                0x800008d4                IfxAsclin1_TX_P14_10_OUT
                0x800008e4                IfxAsclin1_TX_P15_0_OUT
                0x800008f4                IfxAsclin1_TX_P15_1_OUT
                0x80000904                IfxAsclin1_TX_P15_4_OUT
                0x80000914                IfxAsclin1_TX_P15_5_OUT
                0x80000924                IfxAsclin1_TX_P20_10_OUT
                0x80000934                IfxAsclin1_TX_P33_12_OUT
                0x80000944                IfxAsclin1_TX_P33_13_OUT
                0x80000954                IfxAsclin2_TX_P02_0_OUT
                0x80000964                IfxAsclin2_TX_P02_9_OUT
                0x80000974                IfxAsclin2_TX_P10_5_OUT
                0x80000984                IfxAsclin2_TX_P14_2_OUT
                0x80000994                IfxAsclin2_TX_P14_3_OUT
                0x800009a4                IfxAsclin2_TX_P32_5_OUT
                0x800009b4                IfxAsclin2_TX_P33_8_OUT
                0x800009c4                IfxAsclin2_TX_P33_9_OUT
                0x800009d4                IfxAsclin3_TX_P00_0_OUT
                0x800009e4                IfxAsclin3_TX_P00_1_OUT
                0x800009f4                IfxAsclin3_TX_P11_0_OUT
                0x80000a04                IfxAsclin3_TX_P11_1_OUT
                0x80000a14                IfxAsclin3_TX_P15_6_OUT
                0x80000a24                IfxAsclin3_TX_P15_7_OUT
                0x80000a34                IfxAsclin3_TX_P20_0_OUT
                0x80000a44                IfxAsclin3_TX_P20_3_OUT
                0x80000a54                IfxAsclin3_TX_P21_7_OUT
                0x80000a64                IfxAsclin3_TX_P22_0_OUT
                0x80000a74                IfxAsclin3_TX_P22_1_OUT
                0x80000a84                IfxAsclin3_TX_P32_2_OUT
                0x80000a94                IfxAsclin3_TX_P32_3_OUT
 .rodata        0x80000aa4       0x78 2_Out/Gnuc/0_Src/4_McHal/Tricore/_PinMap/IfxI2c_PinMap.o
                0x80000aa4                IfxI2c0_SCL_P02_5_INOUT
                0x80000ab8                IfxI2c0_SCL_P13_1_INOUT
                0x80000acc                IfxI2c0_SCL_P15_4_INOUT
                0x80000ae0                IfxI2c0_SDA_P02_4_INOUT
                0x80000af4                IfxI2c0_SDA_P13_2_INOUT
                0x80000b08                IfxI2c0_SDA_P15_5_INOUT
 .rodata        0x80000b1c        0x8 c:/hightec/toolchains/tricore/v4.9.1.0-infineon-2.0/bin/../lib/gcc/tricore/4.9.4/../../../../tricore/lib\libc.a(lib_a-impure.o)
                0x80000b1c                _global_impure_ptr
 *(.rodata.*)
 *(.gnu.linkonce.r.*)
                0x80000b24                . = ALIGN (0x4)
                0x80000b24                PROVIDE (__clear_table, .)
                0x80000b24        0x4 LONG 0x50000000 (0x0 + ADDR (.CPU2.zbss))
                0x80000b28        0x4 LONG 0x0 SIZEOF (.CPU2.zbss)
                0x80000b2c        0x4 LONG 0x50000000 (0x0 + ADDR (.CPU2.bss))
                0x80000b30        0x4 LONG 0x0 SIZEOF (.CPU2.bss)
                0x80000b34        0x4 LONG 0x60000000 (0x0 + ADDR (.CPU1.zbss))
                0x80000b38        0x4 LONG 0x0 SIZEOF (.CPU1.zbss)
                0x80000b3c        0x4 LONG 0x60002aa8 (0x0 + ADDR (.CPU1.bss))
                0x80000b40        0x4 LONG 0x0 SIZEOF (.CPU1.bss)
                0x80000b44        0x4 LONG 0x70000000 (0x0 + ADDR (.CPU0.zbss))
                0x80000b48        0x4 LONG 0x0 SIZEOF (.CPU0.zbss)
                0x80000b4c        0x4 LONG 0x70000000 (0x0 + ADDR (.CPU0.bss))
                0x80000b50        0x4 LONG 0x0 SIZEOF (.CPU0.bss)
                0x80000b54        0x4 LONG 0x60000000 (0x0 + ADDR (.zbss))
                0x80000b58        0x4 LONG 0x0 SIZEOF (.zbss)
                0x80000b5c        0x4 LONG 0x60000000 (0x0 + ADDR (.sbss))
                0x80000b60        0x4 LONG 0x0 SIZEOF (.sbss)
                0x80000b64        0x4 LONG 0x600009a0 (0x0 + ADDR (.bss))
                0x80000b68        0x4 LONG 0x108 SIZEOF (.bss)
                0x80000b6c        0x4 LONG 0x90000000 (0x0 + ADDR (.sbss4))
                0x80000b70        0x4 LONG 0x0 SIZEOF (.sbss4)
                0x80000b74        0x4 LONG 0xbf000000 (0x0 + ADDR (.bss_emem))
                0x80000b78        0x4 LONG 0x0 SIZEOF (.bss_emem)
                0x80000b7c        0x4 LONG 0xffffffff
                0x80000b80        0x4 LONG 0xffffffff
                0x80000b84                PROVIDE (__copy_table, .)
                0x80000b84        0x4 LONG 0x801f6200 LOADADDR (.CPU2.zdata)
                0x80000b88        0x4 LONG 0x50000000 (0x0 + ADDR (.CPU2.zdata))
                0x80000b8c        0x4 LONG 0x0 SIZEOF (.CPU2.zdata)
                0x80000b90        0x4 LONG 0x801f6ba0 LOADADDR (.CPU2.data)
                0x80000b94        0x4 LONG 0x50000000 (0x0 + ADDR (.CPU2.data))
                0x80000b98        0x4 LONG 0x0 SIZEOF (.CPU2.data)
                0x80000b9c        0x4 LONG 0x801f6200 LOADADDR (.CPU1.zdata)
                0x80000ba0        0x4 LONG 0x60000000 (0x0 + ADDR (.CPU1.zdata))
                0x80000ba4        0x4 LONG 0x0 SIZEOF (.CPU1.zdata)
                0x80000ba8        0x4 LONG 0x801f6ba0 LOADADDR (.CPU1.data)
                0x80000bac        0x4 LONG 0x60002aa8 (0x0 + ADDR (.CPU1.data))
                0x80000bb0        0x4 LONG 0x0 SIZEOF (.CPU1.data)
                0x80000bb4        0x4 LONG 0x801f6200 LOADADDR (.CPU0.zdata)
                0x80000bb8        0x4 LONG 0x70000000 (0x0 + ADDR (.CPU0.zdata))
                0x80000bbc        0x4 LONG 0x0 SIZEOF (.CPU0.zdata)
                0x80000bc0        0x4 LONG 0x801f6ba0 LOADADDR (.CPU0.data)
                0x80000bc4        0x4 LONG 0x70000000 (0x0 + ADDR (.CPU0.data))
                0x80000bc8        0x4 LONG 0x0 SIZEOF (.CPU0.data)
                0x80000bcc        0x4 LONG 0x801f6200 LOADADDR (.zdata)
                0x80000bd0        0x4 LONG 0x60000000 (0x0 + ADDR (.zdata))
                0x80000bd4        0x4 LONG 0x0 SIZEOF (.zdata)
                0x80000bd8        0x4 LONG 0x801f6200 LOADADDR (.sdata)
                0x80000bdc        0x4 LONG 0x60000000 (0x0 + ADDR (.sdata))
                0x80000be0        0x4 LONG 0x0 SIZEOF (.sdata)
                0x80000be4        0x4 LONG 0x801f6200 LOADADDR (.data)
                0x80000be8        0x4 LONG 0x60000000 (0x0 + ADDR (.data))
                0x80000bec        0x4 LONG 0x9a0 SIZEOF (.data)
                0x80000bf0        0x4 LONG 0x801f6ba0 LOADADDR (.data_emem)
                0x80000bf4        0x4 LONG 0xbf000000 (0x0 + ADDR (.data_emem))
                0x80000bf8        0x4 LONG 0x0 SIZEOF (.data_emem)
                0x80000bfc        0x4 LONG 0x801f6ba0 LOADADDR (.data_lmu)
                0x80000c00        0x4 LONG 0x90000000 (0x0 + ADDR (.data_lmu))
                0x80000c04        0x4 LONG 0x0 SIZEOF (.data_lmu)
                0x80000c08        0x4 LONG 0x801f6ba0 LOADADDR (.sdata4)
                0x80000c0c        0x4 LONG 0x90000000 (0x0 + ADDR (.sdata4))
                0x80000c10        0x4 LONG 0x0 SIZEOF (.sdata4)
                0x80000c14        0x4 LONG 0x801f6ba0 LOADADDR (.CPU0.psram_text)
                0x80000c18        0x4 LONG 0x70100000 (0x0 + ADDR (.CPU0.psram_text))
                0x80000c1c        0x4 LONG 0x0 SIZEOF (.CPU0.psram_text)
                0x80000c20        0x4 LONG 0x801f6ba0 LOADADDR (.CPU1.psram_text)
                0x80000c24        0x4 LONG 0x60100000 (0x0 + ADDR (.CPU1.psram_text))
                0x80000c28        0x4 LONG 0x0 SIZEOF (.CPU1.psram_text)
                0x80000c2c        0x4 LONG 0x801f6ba0 LOADADDR (.CPU2.psram_text)
                0x80000c30        0x4 LONG 0x50100000 (0x0 + ADDR (.CPU2.psram_text))
                0x80000c34        0x4 LONG 0x0 SIZEOF (.CPU2.psram_text)
                0x80000c38        0x4 LONG 0xffffffff
                0x80000c3c        0x4 LONG 0xffffffff
                0x80000c40        0x4 LONG 0xffffffff
                0x80000c48                . = ALIGN (0x8)
 *fill*         0x80000c44        0x4 00

.text           memory region -> pfls0
                0x80030000     0xefac
 *(.text)
 .text          0x80030000      0x54a 2_Out/Gnuc/0_Src/0_AppSw/Tricore/app/Cpu0_Main.o
                0x800301d6                ISR_TIM_MS
                0x80030242                core0_main
 .text          0x8003054a      0x142 2_Out/Gnuc/0_Src/0_AppSw/Tricore/app/Cpu1_Main.o
                0x8003054a                core1_main
 .text          0x8003068c       0x4a 2_Out/Gnuc/0_Src/0_AppSw/Tricore/app/Cpu2_Main.o
                0x8003068c                core2_main
 *fill*         0x800306d6        0x2 00
 .text          0x800306d8      0x40c 2_Out/Gnuc/0_Src/0_AppSw/Tricore/lib/aurix_tc27x_uart_app.o
                0x800306d8                uart_init
                0x80030a12                uart_app_send_byte
                0x80030a34                uart_app_send_nbyte
                0x80030a5e                uart_app_receive_byte
                0x80030a80                uart_app_receive_nbyte
                0x80030ab2                uart_app_flush_rx
                0x80030ac4                uart_app_flush_tx
                0x80030ad6                uart_app_getread_count
 .text          0x80030ae4      0x1c2 2_Out/Gnuc/0_Src/0_AppSw/Tricore/lib/aurix_tc27x_uart_lib.o
                0x80030ae4                asclin1TxISR
                0x80030afa                asclin1RxISR
                0x80030b10                asclin1ErISR
                0x80030b26                aurix_tc_27x_uart_config_device
                0x80030b94                aurix_tc_27x_uart_send_byte
                0x80030bc8                aurix_tc_27x_uart_send_nbyte
                0x80030bf8                aurix_tc_27x_uart_receive_byte
                0x80030c2c                aurix_tc_27x_uart_receive_nbyte
                0x80030c64                aurix_tc_27x_uart_flush_rx
                0x80030c7a                aurix_tc_27x_uart_flush_tx
                0x80030c90                aurix_tc_27x_uart_getread_count
 .text          0x80030ca6      0x252 2_Out/Gnuc/0_Src/0_AppSw/Tricore/lib/tcs34725.o
                0x80030ca6                tcs34725_init
                0x80030d2a                tcs34725_read_rgbc
                0x80030e2c                tcs34725_read_registers
                0x80030e94                tcs34725_write_register
 .text          0x80030ef8      0x2c2 2_Out/Gnuc/0_Src/1_SrvSw/StdIf/IfxStdIf_Timer.o
                0x80030ef8                IfxStdIf_Timer_initConfig
                0x8003107e                IfxStdIf_Timer_initStdIf
 .text          0x800311ba      0x1a6 2_Out/Gnuc/0_Src/1_SrvSw/Tricore/Compilers/CompilerGnuc.o
                0x800311ba                Ifx_C_Init
 .text          0x80031360     0x1b48 2_Out/Gnuc/0_Src/4_McHal/Tricore/Asclin/Asc/IfxAsclin_Asc.o
                0x80031360                IfxAsclin_Asc_blockingRead
                0x80031398                IfxAsclin_Asc_blockingWrite
                0x800313ce                IfxAsclin_Asc_canReadCount
                0x800313fe                IfxAsclin_Asc_canWriteCount
                0x8003142e                IfxAsclin_Asc_clearRx
                0x80031464                IfxAsclin_Asc_clearTx
                0x8003149a                IfxAsclin_Asc_disableModule
                0x800314e6                IfxAsclin_Asc_flushTx
                0x80031716                IfxAsclin_Asc_getReadCount
                0x80031736                IfxAsclin_Asc_getReadEvent
                0x80031750                IfxAsclin_Asc_getSendCount
                0x80031764                IfxAsclin_Asc_getTxTimeStamp
                0x80031778                IfxAsclin_Asc_getWriteCount
                0x800317ba                IfxAsclin_Asc_getWriteEvent
                0x800317d4                IfxAsclin_Asc_initModule
                0x80032576                IfxAsclin_Asc_initModuleConfig
                0x8003270a                IfxAsclin_Asc_initiateTransmission
                0x800327b2                IfxAsclin_Asc_isrError
                0x80032930                IfxAsclin_Asc_isrReceive
                0x80032acc                IfxAsclin_Asc_isrTransmit
                0x80032c34                IfxAsclin_Asc_read
                0x80032c9c                IfxAsclin_Asc_resetSendCount
                0x80032cb2                IfxAsclin_Asc_stdIfDPipeInit
                0x80032e20                IfxAsclin_Asc_write
 .text          0x80032ea8      0xb84 2_Out/Gnuc/0_Src/4_McHal/Tricore/Asclin/Std/IfxAsclin.o
                0x80032ea8                IfxAsclin_disableModule
                0x80032ee8                IfxAsclin_enableAscErrorFlags
                0x80032f7e                IfxAsclin_enableModule
                0x80032fbe                IfxAsclin_getAddress
                0x80032ff8                IfxAsclin_getFaFrequency
                0x800330c6                IfxAsclin_getIndex
                0x8003312e                IfxAsclin_getOvsFrequency
                0x8003317e                IfxAsclin_getPdFrequency
                0x800331b0                IfxAsclin_getShiftFrequency
                0x800331dc                IfxAsclin_getSrcPointerEr
                0x80033204                IfxAsclin_getSrcPointerRx
                0x8003322a                IfxAsclin_getSrcPointerTx
                0x8003324e                IfxAsclin_read16
                0x8003329e                IfxAsclin_read32
                0x800332ea                IfxAsclin_read8
                0x8003333a                IfxAsclin_resetModule
                0x800333cc                IfxAsclin_setBaudrateBitFields
                0x80033514                IfxAsclin_setBitTiming
                0x800338c8                IfxAsclin_setClockSource
                0x80033940                IfxAsclin_write16
                0x80033990                IfxAsclin_write32
                0x800339dc                IfxAsclin_write8
 .text          0x80033a2c      0x292 2_Out/Gnuc/0_Src/4_McHal/Tricore/Cpu/CStart/IfxCpu_CStart0.o
                0x80033a2c                _Core0_start
 .text          0x80033cbe      0x246 2_Out/Gnuc/0_Src/4_McHal/Tricore/Cpu/CStart/IfxCpu_CStart1.o
                0x80033cbe                _Core1_start
 .text          0x80033f04      0x246 2_Out/Gnuc/0_Src/4_McHal/Tricore/Cpu/CStart/IfxCpu_CStart2.o
                0x80033f04                _Core2_start
 .text          0x8003414a      0x69e 2_Out/Gnuc/0_Src/4_McHal/Tricore/Cpu/Std/IfxCpu.o
                0x8003414a                IfxCpu_acquireMutex
                0x800341c6                IfxCpu_getCoreMode
                0x8003429a                IfxCpu_getIndex
                0x80034302                IfxCpu_getRandomValue
                0x80034378                IfxCpu_getRandomValueWithinRange
                0x800343ec                IfxCpu_getMutexStatus
                0x80034400                IfxCpu_releaseMutex
                0x80034414                IfxCpu_resetSpinLock
                0x80034428                IfxCpu_setCoreMode
                0x8003455a                IfxCpu_setProgramCounter
                0x800345f4                IfxCpu_setSpinLock
                0x8003468c                IfxCpu_startCore
                0x800346e4                IfxCpu_waitEvent
                0x800347ba                IfxCpu_emitEvent
 .text          0x800347e8      0x624 2_Out/Gnuc/0_Src/4_McHal/Tricore/Cpu/Trap/IfxCpu_Trap.o
                0x800347e8                IfxCpu_Trap_memoryManagementError
                0x80034862                IfxCpu_Trap_internalProtectionError
                0x800348dc                IfxCpu_Trap_instructionError
                0x80034956                IfxCpu_Trap_contextManagementError
                0x800349d0                IfxCpu_Trap_busError
                0x80034a4a                IfxCpu_Trap_assertion
                0x80034ac4                IfxCpu_Trap_systemCall_Cpu0
                0x80034b3c                IfxCpu_Trap_systemCall_Cpu1
                0x80034bb4                IfxCpu_Trap_systemCall_Cpu2
                0x80034c2c                IfxCpu_Trap_systemCall_Cpu3
                0x80034ca4                IfxCpu_Trap_systemCall_Cpu4
                0x80034d1c                IfxCpu_Trap_systemCall_Cpu5
                0x80034d94                IfxCpu_Trap_nonMaskableInterrupt
 .text          0x80034e0c       0xa8 2_Out/Gnuc/0_Src/4_McHal/Tricore/Gtm/Std/IfxGtm.o
                0x80034e0c                IfxGtm_disable
                0x80034e4c                IfxGtm_enable
                0x80034e8c                IfxGtm_getSysClkFrequency
 .text          0x80034eb4      0x94c 2_Out/Gnuc/0_Src/4_McHal/Tricore/Gtm/Std/IfxGtm_Cmu.o
                0x80034eb4                IfxGtm_Cmu_enableClocks
                0x80034ed2                IfxGtm_Cmu_getClkFrequency
                0x8003501c                IfxGtm_Cmu_getEclkFrequency
                0x800350c4                IfxGtm_Cmu_getFxClkFrequency
                0x80035206                IfxGtm_Cmu_getGclkFrequency
                0x80035262                IfxGtm_Cmu_getModuleFrequency
                0x80035274                IfxGtm_Cmu_isClkClockEnabled
                0x800352a4                IfxGtm_Cmu_isEclkClockEnabled
                0x800352d8                IfxGtm_Cmu_isFxClockEnabled
                0x800352fa                IfxGtm_Cmu_selectClkInput
                0x80035378                IfxGtm_Cmu_setClkFrequency
                0x800354bc                IfxGtm_Cmu_setEclkFrequency
                0x8003566c                IfxGtm_Cmu_setGclkFrequency
 .text          0x80035800       0x12 2_Out/Gnuc/0_Src/4_McHal/Tricore/Gtm/Std/IfxGtm_Dpll.o
                0x80035800                IfxGtm_Dpll_getSubIncFrequency
 .text          0x80035812      0xf16 2_Out/Gnuc/0_Src/4_McHal/Tricore/Gtm/Std/IfxGtm_Tom.o
                0x80035812                IfxGtm_Tom_Ch_clearOneNotification
                0x80035854                IfxGtm_Tom_Ch_clearZeroNotification
                0x80035896                IfxGtm_Tom_Ch_getClockFrequency
                0x8003590a                IfxGtm_Tom_Ch_getClockSource
                0x8003595a                IfxGtm_Tom_Ch_getCompareOne
                0x80035994                IfxGtm_Tom_Ch_getCompareOnePointer
                0x800359d0                IfxGtm_Tom_Ch_getCompareZero
                0x80035a0a                IfxGtm_Tom_Ch_getCompareZeroPointer
                0x80035a46                IfxGtm_Tom_Ch_getOutputLevel
                0x80035a8c                IfxGtm_Tom_Ch_getSrcPointer
                0x80035ac2                IfxGtm_Tom_Ch_getTgcPointer
                0x80035af8                IfxGtm_Tom_Ch_getTimerPointer
                0x80035b34                IfxGtm_Tom_Ch_isOneNotification
                0x80035b7c                IfxGtm_Tom_Ch_isZeroNotification
                0x80035bc2                IfxGtm_Tom_Ch_raiseInterruptOne
                0x80035c04                IfxGtm_Tom_Ch_raiseInterruptZero
                0x80035c46                IfxGtm_Tom_Ch_setClockSource
                0x80035ca2                IfxGtm_Tom_Ch_setCompare
                0x80035cf6                IfxGtm_Tom_Ch_setCompareOne
                0x80035d38                IfxGtm_Tom_Ch_setCompareOneShadow
                0x80035d7a                IfxGtm_Tom_Ch_setCompareShadow
                0x80035dce                IfxGtm_Tom_Ch_setCompareZero
                0x80035e10                IfxGtm_Tom_Ch_setCompareZeroShadow
                0x80035e52                IfxGtm_Tom_Ch_setCounterValue
                0x80035e94                IfxGtm_Tom_Ch_setGatedCounter
                0x80035efe                IfxGtm_Tom_Ch_setNotification
                0x80035fcc                IfxGtm_Tom_Ch_setOneShotMode
                0x8003602c                IfxGtm_Tom_Ch_setPcm
                0x8003607a                IfxGtm_Tom_Ch_setResetSource
                0x800360d8                IfxGtm_Tom_Ch_setSignalLevel
                0x80036132                IfxGtm_Tom_Ch_setSpe
                0x8003619c                IfxGtm_Tom_Ch_setTriggerOutput
                0x800361fa                IfxGtm_Tom_Tgc_buildFeature
                0x800362a8                IfxGtm_Tom_Tgc_buildFeatureForChannel
                0x80036314                IfxGtm_Tom_Tgc_enableChannel
                0x8003637a                IfxGtm_Tom_Tgc_enableChannelOutput
                0x800363e0                IfxGtm_Tom_Tgc_enableChannelUpdate
                0x8003640e                IfxGtm_Tom_Tgc_enableChannels
                0x80036478                IfxGtm_Tom_Tgc_enableChannelsOutput
                0x800364e2                IfxGtm_Tom_Tgc_enableChannelsTrigger
                0x80036514                IfxGtm_Tom_Tgc_enableChannelsUpdate
                0x80036546                IfxGtm_Tom_Tgc_enableTimeTrigger
                0x80036582                IfxGtm_Tom_Tgc_resetChannels
                0x800365e8                IfxGtm_Tom_Tgc_setChannelForceUpdate
                0x80036644                IfxGtm_Tom_Tgc_setChannelsForceUpdate
                0x800366a6                IfxGtm_Tom_Tgc_setTimeTrigger
                0x80036714                IfxGtm_Tom_Tgc_trigger
 .text          0x80036728      0xf26 2_Out/Gnuc/0_Src/4_McHal/Tricore/Gtm/Tom/Timer/IfxGtm_Tom_Timer.o
                0x80036728                IfxGtm_Tom_Timer_acknowledgeTimerIrq
                0x80036774                IfxGtm_Tom_Timer_acknowledgeTriggerIrq
                0x800367c0                IfxGtm_Tom_Timer_addToChannelMask
                0x80036940                IfxGtm_Tom_Timer_applyUpdate
                0x8003699e                IfxGtm_Tom_Timer_disableUpdate
                0x800369fa                IfxGtm_Tom_Timer_getFrequency
                0x80036a36                IfxGtm_Tom_Timer_getInputFrequency
                0x80036a4a                IfxGtm_Tom_Timer_getOffset
                0x80036a5e                IfxGtm_Tom_Timer_getPeriod
                0x80036a72                IfxGtm_Tom_Timer_getPointer
                0x80036a98                IfxGtm_Tom_Timer_getResolution
                0x80036ab4                IfxGtm_Tom_Timer_getTrigger
                0x80036adc                IfxGtm_Tom_Timer_getTriggerPointer
                0x80036b02                IfxGtm_Tom_Timer_init
                0x80037294                IfxGtm_Tom_Timer_initConfig
                0x80037316                IfxGtm_Tom_Timer_run
                0x80037366                IfxGtm_Tom_Timer_setFrequency
                0x800373b4                IfxGtm_Tom_Timer_setPeriod
                0x8003741e                IfxGtm_Tom_Timer_setSingleMode
                0x8003744c                IfxGtm_Tom_Timer_setTrigger
                0x8003747a                IfxGtm_Tom_Timer_stdIfTimerInit
                0x800375c8                IfxGtm_Tom_Timer_stop
                0x80037618                IfxGtm_Tom_Timer_updateInputFrequency
 .text          0x8003764e      0xf2a 2_Out/Gnuc/0_Src/4_McHal/Tricore/I2c/I2c/IfxI2c_I2c.o
                0x8003764e                IfxI2c_I2c_initConfig
                0x80037686                IfxI2c_I2c_initDevice
                0x800376b4                IfxI2c_I2c_initDeviceConfig
                0x800376d8                IfxI2c_I2c_initModule
                0x800377b4                IfxI2c_I2c_read
                0x80037f50                IfxI2c_I2c_write
 .text          0x80038578      0xc30 2_Out/Gnuc/0_Src/4_McHal/Tricore/I2c/Std/IfxI2c.o
                0x80038578                IfxI2c_configureAsMaster
                0x80038678                IfxI2c_disableModule
                0x800386ca                IfxI2c_enableBurstDataTransferInterrupt
                0x80038798                IfxI2c_enableErrorInterrupt
                0x80038866                IfxI2c_enableLastBurstDataTransferInterrupt
                0x80038934                IfxI2c_enableLastSingleDataTransferInterrupt
                0x80038a02                IfxI2c_enableModule
                0x80038ad0                IfxI2c_enableProtocolInterrupt
                0x80038b9e                IfxI2c_enableSingleDataTransferInterrupt
                0x80038c6c                IfxI2c_getAddress
                0x80038ca2                IfxI2c_getBaudrate
                0x80038d16                IfxI2c_getIndex
                0x80038d78                IfxI2c_initSclSdaPin
                0x80038e96                IfxI2c_releaseBus
                0x80038f14                IfxI2c_resetFifo
                0x80038fa2                IfxI2c_resetModule
                0x80039040                IfxI2c_setBaudrate
 .text          0x800391a8      0xab6 2_Out/Gnuc/0_Src/4_McHal/Tricore/Port/Std/IfxPort.o
                0x800391a8                IfxPort_disableEmergencyStop
                0x8003923e                IfxPort_enableEmergencyStop
                0x800392d0                IfxPort_getAddress
                0x8003930c                IfxPort_getIndex
                0x80039376                IfxPort_resetESR
                0x800393dc                IfxPort_setESR
                0x8003944a                IfxPort_setGroupModeInput
                0x800395e6                IfxPort_setGroupModeOutput
                0x8003978c                IfxPort_setGroupPadDriver
                0x80039946                IfxPort_setPinMode
                0x80039a1a                IfxPort_setPinModeLvdsHigh
                0x80039b00                IfxPort_setPinModeLvdsMedium
                0x80039bc0                IfxPort_setPinPadDriver
 *fill*         0x80039c5e        0x2 00
 .text          0x80039c60     0x20e8 2_Out/Gnuc/0_Src/4_McHal/Tricore/Scu/Std/IfxScuCcu.o
                0x80039c60                IfxScuCcu_calculateSysPllDividers
                0x80039f6e                IfxScuCcu_getBaud1Frequency
                0x80039fb4                IfxScuCcu_getBaud2Frequency
                0x80039ffa                IfxScuCcu_getBbbFrequency
                0x8003a0d8                IfxScuCcu_getCpuFrequency
                0x8003a164                IfxScuCcu_getFsi2Frequency
                0x8003a1d6                IfxScuCcu_getFsiFrequency
                0x8003a248                IfxScuCcu_getMaxFrequency
                0x8003a326                IfxScuCcu_getModuleFrequency
                0x8003a3ba                IfxScuCcu_getOsc0Frequency
                0x8003a3d0                IfxScuCcu_getOscFrequency
                0x8003a432                IfxScuCcu_getPllErayFrequency
                0x8003a4f0                IfxScuCcu_getPllErayVcoFrequency
                0x8003a562                IfxScuCcu_getPllFrequency
                0x8003a634                IfxScuCcu_getPllVcoFrequency
                0x8003a6a6                IfxScuCcu_getSourceFrequency
                0x8003a6ec                IfxScuCcu_getSpbFrequency
                0x8003a7d0                IfxScuCcu_getSriFrequency
                0x8003a8b0                IfxScuCcu_init
                0x8003affe                IfxScuCcu_initConfig
                0x8003b028                IfxScuCcu_initErayPll
                0x8003b334                IfxScuCcu_initErayPllConfig
                0x8003b484                IfxScuCcu_setCpuFrequency
                0x8003b55a                IfxScuCcu_setGtmFrequency
                0x8003b6b8                IfxScuCcu_setPll2ErayFrequency
                0x8003b758                IfxScuCcu_setPll2Frequency
                0x8003b7f8                IfxScuCcu_setSpbFrequency
                0x8003b97a                IfxScuCcu_setSriFrequency
                0x8003bae0                IfxScuCcu_switchToBackupClock
 .text          0x8003bd48     0x1126 2_Out/Gnuc/0_Src/4_McHal/Tricore/Scu/Std/IfxScuWdt.o
                0x8003bd48                IfxScuWdt_changeCpuWatchdogPassword
                0x8003be22                IfxScuWdt_changeCpuWatchdogReload
                0x8003bef2                IfxScuWdt_changeSafetyWatchdogPassword
                0x8003bfb0                IfxScuWdt_changeSafetyWatchdogReload
                0x8003c05c                IfxScuWdt_clearCpuEndinit
                0x8003c10c                IfxScuWdt_clearSafetyEndinit
                0x8003c1a8                IfxScuWdt_disableCpuWatchdog
                0x8003c2fc                IfxScuWdt_disableSafetyWatchdog
                0x8003c43a                IfxScuWdt_enableCpuWatchdog
                0x8003c58e                IfxScuWdt_enableSafetyWatchdog
                0x8003c6cc                IfxScuWdt_getCpuWatchdogPassword
                0x8003c726                IfxScuWdt_getCpuWatchdogEndInit
                0x8003c762                IfxScuWdt_getSafetyWatchdogPassword
                0x8003c7a0                IfxScuWdt_initConfig
                0x8003c808                IfxScuWdt_initCpuWatchdog
                0x8003c9f4                IfxScuWdt_initSafetyWatchdog
                0x8003cbfa                IfxScuWdt_serviceCpuWatchdog
                0x8003cc10                IfxScuWdt_serviceSafetyWatchdog
                0x8003cc26                IfxScuWdt_setCpuEndinit
                0x8003ccd4                IfxScuWdt_setSafetyEndinit
                0x8003cd6e                IfxScuWdt_enableWatchdogWithDebugger
 .text          0x8003ce6e      0x3d2 2_Out/Gnuc/0_Src/4_McHal/Tricore/_Lib/DataHandling/Ifx_CircularBuffer.o
                0x8003ce6e                Ifx_CircularBuffer_get32
                0x8003ced6                Ifx_CircularBuffer_get16
                0x8003cf3e                Ifx_CircularBuffer_addDataIncr
                0x8003cfa4                Ifx_CircularBuffer_read8
                0x8003d046                Ifx_CircularBuffer_read32
                0x8003d0f2                Ifx_CircularBuffer_write8
                0x8003d194                Ifx_CircularBuffer_write32
 .text          0x8003d240     0x12de 2_Out/Gnuc/0_Src/4_McHal/Tricore/_Lib/DataHandling/Ifx_Fifo.o
                0x8003d240                Ifx_Fifo_create
                0x8003d2a8                Ifx_Fifo_destroy
                0x8003d2ba                Ifx_Fifo_init
                0x8003d480                Ifx_Fifo_canReadCount
                0x8003d838                Ifx_Fifo_read
                0x8003dbbe                Ifx_Fifo_clear
                0x8003dd66                Ifx_Fifo_canWriteCount
                0x8003e198                Ifx_Fifo_write
 .text          0x8003e51e      0x2b0 2_Out/Gnuc/0_Src/4_McHal/Tricore/_PinMap/IfxGtm_PinMap.o
                0x8003e51e                IfxGtm_PinMap_setTimTin
                0x8003e5d2                IfxGtm_PinMap_setAtomTout
                0x8003e6d0                IfxGtm_PinMap_setTomTout
 *(.text.*)
 .text.libgcc   0x8003e7ce       0x10 c:/hightec/toolchains/tricore/v4.9.1.0-infineon-2.0/bin/../lib/gcc/tricore/4.9.4\libgcc.a(memcpy.o)
                0x8003e7ce                memcpy
 .text.libgcc   0x8003e7de        0xe c:/hightec/toolchains/tricore/v4.9.1.0-infineon-2.0/bin/../lib/gcc/tricore/4.9.4\libgcc.a(memset.o)
                0x8003e7de                memset
 .text._malloc_trim_r
                0x8003e7ec       0xbc c:/hightec/toolchains/tricore/v4.9.1.0-infineon-2.0/bin/../lib/gcc/tricore/4.9.4/../../../../tricore/lib\libc.a(lib_a-freer.o)
                0x8003e7ec                _malloc_trim_r
 .text._free_r  0x8003e8a8      0x1ac c:/hightec/toolchains/tricore/v4.9.1.0-infineon-2.0/bin/../lib/gcc/tricore/4.9.4/../../../../tricore/lib\libc.a(lib_a-freer.o)
                0x8003e8a8                _free_r
 .text.malloc   0x8003ea54        0xc c:/hightec/toolchains/tricore/v4.9.1.0-infineon-2.0/bin/../lib/gcc/tricore/4.9.4/../../../../tricore/lib\libc.a(lib_a-malloc.o)
                0x8003ea54                malloc
 .text.free     0x8003ea60        0xe c:/hightec/toolchains/tricore/v4.9.1.0-infineon-2.0/bin/../lib/gcc/tricore/4.9.4/../../../../tricore/lib\libc.a(lib_a-malloc.o)
                0x8003ea60                free
 .text._malloc_r
                0x8003ea6e      0x49e c:/hightec/toolchains/tricore/v4.9.1.0-infineon-2.0/bin/../lib/gcc/tricore/4.9.4/../../../../tricore/lib\libc.a(lib_a-mallocr.o)
                0x8003ea6e                _malloc_r
 .text.__malloc_lock
                0x8003ef0c        0x2 c:/hightec/toolchains/tricore/v4.9.1.0-infineon-2.0/bin/../lib/gcc/tricore/4.9.4/../../../../tricore/lib\libc.a(lib_a-mlock.o)
                0x8003ef0c                __malloc_lock
 .text.__malloc_unlock
                0x8003ef0e        0x2 c:/hightec/toolchains/tricore/v4.9.1.0-infineon-2.0/bin/../lib/gcc/tricore/4.9.4/../../../../tricore/lib\libc.a(lib_a-mlock.o)
                0x8003ef0e                __malloc_unlock
 .text._sbrk_r  0x8003ef10       0x1e c:/hightec/toolchains/tricore/v4.9.1.0-infineon-2.0/bin/../lib/gcc/tricore/4.9.4/../../../../tricore/lib\libc.a(lib_a-sbrkr.o)
                0x8003ef10                _sbrk_r
 .text.strlen   0x8003ef2e       0x14 c:/hightec/toolchains/tricore/v4.9.1.0-infineon-2.0/bin/../lib/gcc/tricore/4.9.4/../../../../tricore/lib\libc.a(lib_a-strlen.o)
                0x8003ef2e                strlen
 .text.__errno  0x8003ef42        0xa c:/hightec/toolchains/tricore/v4.9.1.0-infineon-2.0/bin/../lib/gcc/tricore/4.9.4/../../../../tricore/lib\libos.a(libos.o)
                0x8003ef42                __errno
 .text.abort    0x8003ef4c       0x12 c:/hightec/toolchains/tricore/v4.9.1.0-infineon-2.0/bin/../lib/gcc/tricore/4.9.4/../../../../tricore/lib\libos.a(libos_abort.o)
                0x8003ef4c                abort
 .text._exit    0x8003ef5e       0x10 c:/hightec/toolchains/tricore/v4.9.1.0-infineon-2.0/bin/../lib/gcc/tricore/4.9.4/../../../../tricore/lib\libos.a(libos_exit.o)
                0x8003ef5e                _exit
 .text.sbrk     0x8003ef6e       0x3e c:/hightec/toolchains/tricore/v4.9.1.0-infineon-2.0/bin/../lib/gcc/tricore/4.9.4/../../../../tricore/lib\libos.a(libos_sbrk.o)
                0x8003ef6e                sbrk
 *(.gnu.linkonce.t.*)
 *(.gnu.warning)
                0x8003efac                . = ALIGN (0x4)

.eh_frame       memory region -> pfls0
                0x8003efac        0x4
 *(.gcc_except_table)
                0x8003efac                __EH_FRAME_BEGIN__ = .
 *(.eh_frame)
                0x8003efac                __EH_FRAME_END__ = .
                0x8003efb0                . = ALIGN (0x8)
 *fill*         0x8003efac        0x4 00

.ctors          memory region -> pfls0
                0x8003efb0        0x8
                0x8003efb0                __CTOR_LIST__ = .
                0x8003efb0        0x4 LONG 0x0 (((__CTOR_END__ - __CTOR_LIST__) / 0x4) - 0x2)
 *(.ctors)
                0x8003efb4        0x4 LONG 0x0
                0x8003efb8                __CTOR_END__ = .
                0x8003efb8                . = ALIGN (0x8)

.dtors          memory region -> pfls0
                0x8003efb8        0x8
                0x8003efb8                __DTOR_LIST__ = .
                0x8003efb8        0x4 LONG 0x0 (((__DTOR_END__ - __DTOR_LIST__) / 0x4) - 0x2)
 *(.dtors)
                0x8003efbc        0x4 LONG 0x0
                0x8003efc0                __DTOR_END__ = .
                0x8003efc0                . = ALIGN (0x8)

.traptab_tc2    memory region -> pfls0
                0x801f6000      0x100
                0x801f6000                PROVIDE (__TRAPTAB_CPU2, .)
 *(.traptab_cpu2)
 .traptab_cpu2  0x801f6000      0x100 2_Out/Gnuc/0_Src/4_McHal/Tricore/Cpu/Trap/IfxCpu_Trap.o
                0x801f6000                IfxCpu_Trap_vectorTable2

.traptab_tc1    memory region -> pfls0
                0x801f6100      0x100
                0x801f6100                PROVIDE (__TRAPTAB_CPU1, .)
 *(.traptab_cpu1)
 .traptab_cpu1  0x801f6100      0x100 2_Out/Gnuc/0_Src/4_McHal/Tricore/Cpu/Trap/IfxCpu_Trap.o
                0x801f6100                IfxCpu_Trap_vectorTable1

.busdev_registry memory region -> pfls0
                0x801f6200        0x0
                0x801f6200                PROVIDE (__busdev_registry_start, .)
 *(.busdev_registry)
 *(SORT(.busdev_registry.*))
                0x801f6200                PROVIDE (__busdev_registry_end, .)

.pg_registry    memory region -> pfls0
                0x801f6200        0x0
                0x801f6200                PROVIDE (__pg_registry_start, .)
 *(.pg_registry)
 *(SORT(.pg_registry.*))
                0x801f6200                PROVIDE (__pg_registry_end, .)

.pg_resetdata   memory region -> pfls0
                0x801f6200        0x0
                0x801f6200                PROVIDE (__pg_resetdata_start, .)
 *(.pg_resetdata)
                0x801f6200                PROVIDE (__pg_resetdata_end, .)

.CPU2.zdata     memory region -> dsram2
                0x50000000        0x0 load address 0x801f6200
                0x50000000                . = ALIGN (0x4)
 *(.zdata_cpu2)
 *(.zdata_cpu2.*)

.CPU2.zbss      memory region -> dsram2
                0x50000000        0x0 load address 0x801f6200
                0x50000000                . = ALIGN (0x4)
 *(.zbss_cpu2)
 *(.zbss_cpu2.*)

.CPU1.zdata     memory region -> dsram1
                0x60000000        0x0 load address 0x801f6200
                0x60000000                . = ALIGN (0x4)
 *(.zdata_cpu1)
 *(.zdata_cpu1.*)

.CPU1.zbss      memory region -> dsram1
                0x60000000        0x0 load address 0x801f6200
                0x60000000                . = ALIGN (0x4)
 *(.zbss_cpu1)
 *(.zbss_cpu1.*)

.CPU0.zdata     memory region -> dsram0
                0x70000000        0x0 load address 0x801f6200
                0x70000000                . = ALIGN (0x4)
 *(.zdata_cpu0)
 *(.zdata_cpu0.*)

.CPU0.zbss      memory region -> dsram0
                0x70000000        0x0 load address 0x801f6200
                0x70000000                . = ALIGN (0x4)
 *(.zbss_cpu0)
 *(.zbss_cpu0.*)

.zdata          memory region -> dsram1
                0x60000000        0x0 load address 0x801f6200
                0x60000000                . = ALIGN (0x4)
 *(.zdata)
 *(.zdata.*)
 *(.gnu.linkonce.z.*)

.zbss           memory region -> dsram1
                0x60000000        0x0 load address 0x801f6200
                0x60000000                . = ALIGN (0x4)
 *(.zbss)
 *(.zbss.*)
 *(.bbss)
 *(.bbss.*)
 *(.gnu.linkonce.zb.*)

.sdata          memory region -> dsram1
                0x60000000        0x0 load address 0x801f6200
                0x60000000                . = ALIGN (0x4)
 *(.sdata)
 *(.sdata.*)
                0x60008000                _SMALL_DATA_ = SIZEOF (.sdata)?(ADDR (.sdata) + 0x8000):((ADDR (.sdata) & 0xf0000000) + 0x8000)
                0x60008000                __A0_MEM = _SMALL_DATA_

.sbss           memory region -> dsram1
                0x60000000        0x0 load address 0x801f6200
                0x60000000                . = ALIGN (0x4)
 *(.sbss)
 *(.sbss.*)

.data           memory region -> dsram1
                0x60000000      0x9a0 load address 0x801f6200
                0x60000000                . = ALIGN (0x4)
 *(.data)
 .data          0x60000000        0x8 2_Out/Gnuc/0_Src/0_AppSw/Tricore/app/Cpu0_Main.o
                0x60000000                g_sync_cores_timeout_ms
 .data          0x60000008      0x150 2_Out/Gnuc/0_Src/0_AppSw/Tricore/lib/aurix_tc27x_uart_app.o
 .data          0x60000158        0x8 2_Out/Gnuc/0_Src/4_McHal/Tricore/Scu/Std/IfxScuCcu.o
 .data          0x60000160      0x428 c:/hightec/toolchains/tricore/v4.9.1.0-infineon-2.0/bin/../lib/gcc/tricore/4.9.4/../../../../tricore/lib\libc.a(lib_a-impure.o)
                0x60000160                _impure_ptr
 .data          0x60000588      0x410 c:/hightec/toolchains/tricore/v4.9.1.0-infineon-2.0/bin/../lib/gcc/tricore/4.9.4/../../../../tricore/lib\libc.a(lib_a-mallocr.o)
                0x60000588                __malloc_sbrk_base
                0x6000058c                __malloc_trim_threshold
                0x60000590                __malloc_av_
 .data          0x60000998        0x8 c:/hightec/toolchains/tricore/v4.9.1.0-infineon-2.0/bin/../lib/gcc/tricore/4.9.4/../../../../tricore/lib\libos.a(libos_sbrk.o)
 *(.data.*)
 *(.gnu.linkonce.d.*)

.bss            memory region -> dsram1
                0x600009a0      0x108 load address 0x801f6ba0
                0x600009a0                . = ALIGN (0x4)
 *(.bss)
 .bss           0x600009a0       0x58 2_Out/Gnuc/0_Src/0_AppSw/Tricore/app/Cpu0_Main.o
                0x600009a0                g_sync_cores_event
                0x600009a4                GtmTomTimer
                0x600009f4                tim_ms_mutex
 .bss           0x600009f8       0x28 2_Out/Gnuc/0_Src/0_AppSw/Tricore/app/Cpu1_Main.o
                0x600009f8                g_tcs34725_params
                0x60000a10                g_tcs34725_rgbc_shared_data
                0x60000a18                g_tcs34725_rgbc_shared_data_mtx
 .bss           0x60000a20       0x20 2_Out/Gnuc/0_Src/0_AppSw/Tricore/lib/aurix_tc27x_uart_lib.o
                0x60000a20                ascDriver
 .bss           0x60000a40       0x20 2_Out/Gnuc/0_Src/0_AppSw/Tricore/lib/tcs34725.o
                0x60000a40                tcs34725_i2c_data
 .bss           0x60000a60       0x38 c:/hightec/toolchains/tricore/v4.9.1.0-infineon-2.0/bin/../lib/gcc/tricore/4.9.4/../../../../tricore/lib\libc.a(lib_a-mallocr.o)
                0x60000a60                __malloc_current_mallinfo
                0x60000a88                __malloc_max_total_mem
                0x60000a8c                __malloc_max_sbrked_mem
                0x60000a90                __malloc_top_pad
 .bss           0x60000a98        0x8 c:/hightec/toolchains/tricore/v4.9.1.0-infineon-2.0/bin/../lib/gcc/tricore/4.9.4/../../../../tricore/lib\libc.a(lib_a-reent.o)
                0x60000a98                errno
 .bss           0x60000aa0        0x8 c:/hightec/toolchains/tricore/v4.9.1.0-infineon-2.0/bin/../lib/gcc/tricore/4.9.4/../../../../tricore/lib\libos.a(libos.o)
                0x60000aa0                _my_errno
 *(.bss.*)
 *(.gnu.linkonce.b.*)

.heap           memory region -> dsram1
                0x60000aa8     0x2000 load address 0x801f6ba0
                0x60000aa8                . = ALIGN (0x4)
                0x60000aa8                __HEAP = .
                0x60002aa8                . = (. + LCF_HEAP_SIZE)
 *fill*         0x60000aa8     0x2000 00
                0x60002aa8                __HEAP_END = .

.CPU2.data      memory region -> dsram2
                0x50000000        0x0 load address 0x801f6ba0
                0x50000000                . = ALIGN (0x4)
 *(.data_cpu2)
 *(.data_cpu2.*)

.CPU2.bss       memory region -> dsram2
                0x50000000        0x0 load address 0x801f6ba0
                0x50000000                . = ALIGN (0x4)
 *(.bss_cpu2)
 *(.bss_cpu2.*)

.CPU1.data      memory region -> dsram1
                0x60002aa8        0x0 load address 0x801f6ba0
                0x60002aa8                . = ALIGN (0x4)
 *(.data_cpu1)
 *(.data_cpu1.*)

.CPU1.bss       memory region -> dsram1
                0x60002aa8        0x0 load address 0x801f6ba0
                0x60002aa8                . = ALIGN (0x4)
 *(.bss_cpu1)
 *(.bss_cpu1.*)

.CPU0.data      memory region -> dsram0
                0x70000000        0x0 load address 0x801f6ba0
                0x70000000                . = ALIGN (0x4)
 *(.data_cpu0)
 *(.data_cpu0.*)

.CPU0.bss       memory region -> dsram0
                0x70000000        0x0 load address 0x801f6ba0
                0x70000000                . = ALIGN (0x4)
 *(.bss_cpu0)
 *(.bss_cpu0.*)

.CPU0.psram_text memory region -> psram0
                0x70100000        0x0 load address 0x801f6ba0
                0x70100000                . = ALIGN (0x2)
 *(.cpu0_psram)

.CPU2.ustack    memory region -> dsram2
                0x5001ae00      0x800
                0x5001ae00                PROVIDE (__USTACK2_END, .)
                0x5001b600                . = (. + LCF_USTACK2_SIZE)
 *fill*         0x5001ae00      0x800 00
                0x5001b600                PROVIDE (__USTACK2, .)

.CPU2.istack    memory region -> dsram2
                0x5001b700      0x400
                0x5001b700                PROVIDE (__ISTACK2_END, .)
                0x5001bb00                . = (. + LCF_ISTACK2_SIZE)
 *fill*         0x5001b700      0x400 00
                0x5001bb00                PROVIDE (__ISTACK2, .)

.CPU2.csa       memory region -> dsram2
                0x5001bc00     0x2000
                0x5001bc00                PROVIDE (__CSA2, .)
                0x5001dc00                . = (. + LCF_CSA2_SIZE)
 *fill*         0x5001bc00     0x2000 00
                0x5001dc00                PROVIDE (__CSA2_END, .)

.CPU2.psram_text memory region -> psram2
                0x50100000        0x0 load address 0x801f6ba0
                0x50100000                . = ALIGN (0x2)
 *(.cpu2_psram)

.CPU1.ustack    memory region -> dsram1
                0x6001ae00      0x800
                0x6001ae00                PROVIDE (__USTACK1_END, .)
                0x6001b600                . = (. + LCF_USTACK1_SIZE)
 *fill*         0x6001ae00      0x800 00
                0x6001b600                PROVIDE (__USTACK1, .)

.CPU1.istack    memory region -> dsram1
                0x6001b700      0x400
                0x6001b700                PROVIDE (__ISTACK1_END, .)
                0x6001bb00                . = (. + LCF_ISTACK1_SIZE)
 *fill*         0x6001b700      0x400 00
                0x6001bb00                PROVIDE (__ISTACK1, .)

.CPU1.csa       memory region -> dsram1
                0x6001bc00     0x2000
                0x6001bc00                PROVIDE (__CSA1, .)
                0x6001dc00                . = (. + LCF_CSA1_SIZE)
 *fill*         0x6001bc00     0x2000 00
                0x6001dc00                PROVIDE (__CSA1_END, .)

.CPU1.psram_text memory region -> psram1
                0x60100000        0x0 load address 0x801f6ba0
                0x60100000                . = ALIGN (0x2)
 *(.cpu1_psram)

.CPU0.ustack    memory region -> dsram0
                0x70018e00      0x800
                0x70018e00                PROVIDE (__USTACK0_END, .)
                0x70019600                . = (. + LCF_USTACK0_SIZE)
 *fill*         0x70018e00      0x800 00
                0x70019600                PROVIDE (__USTACK0, .)

.CPU0.istack    memory region -> dsram0
                0x70019700      0x400
                0x70019700                PROVIDE (__ISTACK0_END, .)
                0x70019b00                . = (. + LCF_ISTACK0_SIZE)
 *fill*         0x70019700      0x400 00
                0x70019b00                PROVIDE (__ISTACK0, .)

.CPU0.csa       memory region -> dsram0
                0x70019c00     0x2000
                0x70019c00                PROVIDE (__CSA0, .)
                0x7001bc00                . = (. + LCF_CSA0_SIZE)
 *fill*         0x70019c00     0x2000 00
                0x7001bc00                PROVIDE (__CSA0_END, .)

.sdata3         memory region -> pfls0
                0x801f6ba0        0x0 load address 0x7001bc00
 *(.rodata_a8)
 *(.rodata_a8.*)
                0x80008000                _SMALL_DATA3_ = SIZEOF (.sdata3)?(ADDR (.sdata3) + 0x8000):((ADDR (.sdata3) & 0xf0000000) + 0x8000)
                0x80008000                __A8_MEM = _SMALL_DATA3_

.data_lmu       memory region -> lmuram
                0x90000000        0x0 load address 0x801f6ba0
 *(.lmudata)
 *(.lmudata.*)

.bss_lmu
 *(.lmubss)
 *(.lmubss.*)

.sdata4         memory region -> lmuram
                0x90000000        0x0 load address 0x801f6ba0
 *(.sdata_a9)
 *(.sdata_a9.*)
 *(.lmu_data)
 *(.lmu_data.*)

.sbss4          memory region -> lmuram
                0x90000000        0x0 load address 0x801f6ba0
 *(.sbss_a9)
 *(.sbss_a9.*)
 *(.lmu_bss)
 *(.lmu_bss.*)
                0x90008000                _SMALL_DATA4_ = SIZEOF (.sdata4)?(ADDR (.sdata4) + 0x8000):((ADDR (.sdata4) & 0xf0000000) + 0x8000)
                0x90008000                __A9_MEM = _SMALL_DATA4_

.data_emem      memory region -> edmem_nc
                0xbf000000        0x0 load address 0x801f6ba0
                0xbf000000                . = ALIGN (0x4)
 *(.data_emem)
 *(.data_emem.*)
 *(.gnu.linkonce.d.*)

.bss_emem       memory region -> edmem_nc
                0xbf000000        0x0 load address 0x801f6ba0
                0xbf000000                . = ALIGN (0x4)
 *(.bss_emem)
 *(.bss_emem.*)
 *(.gnu.linkonce.b.*)

.inttab_tc0_000 memory region -> pfls0
                0x801f4000        0x0
                0x801f4000                . = ALIGN (0x8)
 *(.intvec_tc0_0)

.inttab_tc0_001 memory region -> pfls0
                0x801f4020        0x0
                0x801f4020                . = ALIGN (0x8)
 *(.intvec_tc0_1)

.inttab_tc0_002 memory region -> pfls0
                0x801f4040        0x0
                0x801f4040                . = ALIGN (0x8)
 *(.intvec_tc0_2)

.inttab_tc0_003 memory region -> pfls0
                0x801f4060        0xe
                0x801f4060                . = ALIGN (0x8)
 *(.intvec_tc0_3)
 .intvec_tc0_3  0x801f4060        0xe 2_Out/Gnuc/0_Src/0_AppSw/Tricore/app/Cpu0_Main.o

.inttab_tc0_004 memory region -> pfls0
                0x801f4080        0xe
                0x801f4080                . = ALIGN (0x8)
 *(.intvec_tc0_4)
 .intvec_tc0_4  0x801f4080        0xe 2_Out/Gnuc/0_Src/0_AppSw/Tricore/lib/aurix_tc27x_uart_lib.o

.inttab_tc0_005 memory region -> pfls0
                0x801f40a0        0x0
                0x801f40a0                . = ALIGN (0x8)
 *(.intvec_tc0_5)

.inttab_tc0_006 memory region -> pfls0
                0x801f40c0        0x0
                0x801f40c0                . = ALIGN (0x8)
 *(.intvec_tc0_6)

.inttab_tc0_007 memory region -> pfls0
                0x801f40e0        0x0
                0x801f40e0                . = ALIGN (0x8)
 *(.intvec_tc0_7)

.inttab_tc0_008 memory region -> pfls0
                0x801f4100        0xe
                0x801f4100                . = ALIGN (0x8)
 *(.intvec_tc0_8)
 .intvec_tc0_8  0x801f4100        0xe 2_Out/Gnuc/0_Src/0_AppSw/Tricore/lib/aurix_tc27x_uart_lib.o

.inttab_tc0_009 memory region -> pfls0
                0x801f4120        0x0
                0x801f4120                . = ALIGN (0x8)
 *(.intvec_tc0_9)

.inttab_tc0_00A memory region -> pfls0
                0x801f4140        0x0
                0x801f4140                . = ALIGN (0x8)
 *(.intvec_tc0_10)

.inttab_tc0_00B memory region -> pfls0
                0x801f4160        0x0
                0x801f4160                . = ALIGN (0x8)
 *(.intvec_tc0_11)

.inttab_tc0_00C memory region -> pfls0
                0x801f4180        0xe
                0x801f4180                . = ALIGN (0x8)
 *(.intvec_tc0_12)
 .intvec_tc0_12
                0x801f4180        0xe 2_Out/Gnuc/0_Src/0_AppSw/Tricore/lib/aurix_tc27x_uart_lib.o

.inttab_tc0_00D memory region -> pfls0
                0x801f41a0        0x0
                0x801f41a0                . = ALIGN (0x8)
 *(.intvec_tc0_13)

.inttab_tc0_00E memory region -> pfls0
                0x801f41c0        0x0
                0x801f41c0                . = ALIGN (0x8)
 *(.intvec_tc0_14)

.inttab_tc0_00F memory region -> pfls0
                0x801f41e0        0x0
                0x801f41e0                . = ALIGN (0x8)
 *(.intvec_tc0_15)

.inttab_tc0_010 memory region -> pfls0
                0x801f4200        0x0
                0x801f4200                . = ALIGN (0x8)
 *(.intvec_tc0_16)

.inttab_tc0_011 memory region -> pfls0
                0x801f4220        0x0
                0x801f4220                . = ALIGN (0x8)
 *(.intvec_tc0_17)

.inttab_tc0_012 memory region -> pfls0
                0x801f4240        0x0
                0x801f4240                . = ALIGN (0x8)
 *(.intvec_tc0_18)

.inttab_tc0_013 memory region -> pfls0
                0x801f4260        0x0
                0x801f4260                . = ALIGN (0x8)
 *(.intvec_tc0_19)

.inttab_tc0_014 memory region -> pfls0
                0x801f4280        0x0
                0x801f4280                . = ALIGN (0x8)
 *(.intvec_tc0_20)

.inttab_tc0_015 memory region -> pfls0
                0x801f42a0        0x0
                0x801f42a0                . = ALIGN (0x8)
 *(.intvec_tc0_21)

.inttab_tc0_016 memory region -> pfls0
                0x801f42c0        0x0
                0x801f42c0                . = ALIGN (0x8)
 *(.intvec_tc0_22)

.inttab_tc0_017 memory region -> pfls0
                0x801f42e0        0x0
                0x801f42e0                . = ALIGN (0x8)
 *(.intvec_tc0_23)

.inttab_tc0_018 memory region -> pfls0
                0x801f4300        0x0
                0x801f4300                . = ALIGN (0x8)
 *(.intvec_tc0_24)

.inttab_tc0_019 memory region -> pfls0
                0x801f4320        0x0
                0x801f4320                . = ALIGN (0x8)
 *(.intvec_tc0_25)

.inttab_tc0_01A memory region -> pfls0
                0x801f4340        0x0
                0x801f4340                . = ALIGN (0x8)
 *(.intvec_tc0_26)

.inttab_tc0_01B memory region -> pfls0
                0x801f4360        0x0
                0x801f4360                . = ALIGN (0x8)
 *(.intvec_tc0_27)

.inttab_tc0_01C memory region -> pfls0
                0x801f4380        0x0
                0x801f4380                . = ALIGN (0x8)
 *(.intvec_tc0_28)

.inttab_tc0_01D memory region -> pfls0
                0x801f43a0        0x0
                0x801f43a0                . = ALIGN (0x8)
 *(.intvec_tc0_29)

.inttab_tc0_01E memory region -> pfls0
                0x801f43c0        0x0
                0x801f43c0                . = ALIGN (0x8)
 *(.intvec_tc0_30)

.inttab_tc0_01F memory region -> pfls0
                0x801f43e0        0x0
                0x801f43e0                . = ALIGN (0x8)
 *(.intvec_tc0_31)

.inttab_tc0_020 memory region -> pfls0
                0x801f4400        0x0
                0x801f4400                . = ALIGN (0x8)
 *(.intvec_tc0_32)

.inttab_tc0_021 memory region -> pfls0
                0x801f4420        0x0
                0x801f4420                . = ALIGN (0x8)
 *(.intvec_tc0_33)

.inttab_tc0_022 memory region -> pfls0
                0x801f4440        0x0
                0x801f4440                . = ALIGN (0x8)
 *(.intvec_tc0_34)

.inttab_tc0_023 memory region -> pfls0
                0x801f4460        0x0
                0x801f4460                . = ALIGN (0x8)
 *(.intvec_tc0_35)

.inttab_tc0_024 memory region -> pfls0
                0x801f4480        0x0
                0x801f4480                . = ALIGN (0x8)
 *(.intvec_tc0_36)

.inttab_tc0_025 memory region -> pfls0
                0x801f44a0        0x0
                0x801f44a0                . = ALIGN (0x8)
 *(.intvec_tc0_37)

.inttab_tc0_026 memory region -> pfls0
                0x801f44c0        0x0
                0x801f44c0                . = ALIGN (0x8)
 *(.intvec_tc0_38)

.inttab_tc0_027 memory region -> pfls0
                0x801f44e0        0x0
                0x801f44e0                . = ALIGN (0x8)
 *(.intvec_tc0_39)

.inttab_tc0_028 memory region -> pfls0
                0x801f4500        0x0
                0x801f4500                . = ALIGN (0x8)
 *(.intvec_tc0_40)

.inttab_tc0_029 memory region -> pfls0
                0x801f4520        0x0
                0x801f4520                . = ALIGN (0x8)
 *(.intvec_tc0_41)

.inttab_tc0_02A memory region -> pfls0
                0x801f4540        0x0
                0x801f4540                . = ALIGN (0x8)
 *(.intvec_tc0_42)

.inttab_tc0_02B memory region -> pfls0
                0x801f4560        0x0
                0x801f4560                . = ALIGN (0x8)
 *(.intvec_tc0_43)

.inttab_tc0_02C memory region -> pfls0
                0x801f4580        0x0
                0x801f4580                . = ALIGN (0x8)
 *(.intvec_tc0_44)

.inttab_tc0_02D memory region -> pfls0
                0x801f45a0        0x0
                0x801f45a0                . = ALIGN (0x8)
 *(.intvec_tc0_45)

.inttab_tc0_02E memory region -> pfls0
                0x801f45c0        0x0
                0x801f45c0                . = ALIGN (0x8)
 *(.intvec_tc0_46)

.inttab_tc0_02F memory region -> pfls0
                0x801f45e0        0x0
                0x801f45e0                . = ALIGN (0x8)
 *(.intvec_tc0_47)

.inttab_tc0_030 memory region -> pfls0
                0x801f4600        0x0
                0x801f4600                . = ALIGN (0x8)
 *(.intvec_tc0_48)

.inttab_tc0_031 memory region -> pfls0
                0x801f4620        0x0
                0x801f4620                . = ALIGN (0x8)
 *(.intvec_tc0_49)

.inttab_tc0_032 memory region -> pfls0
                0x801f4640        0x0
                0x801f4640                . = ALIGN (0x8)
 *(.intvec_tc0_50)

.inttab_tc0_033 memory region -> pfls0
                0x801f4660        0x0
                0x801f4660                . = ALIGN (0x8)
 *(.intvec_tc0_51)

.inttab_tc0_034 memory region -> pfls0
                0x801f4680        0x0
                0x801f4680                . = ALIGN (0x8)
 *(.intvec_tc0_52)

.inttab_tc0_035 memory region -> pfls0
                0x801f46a0        0x0
                0x801f46a0                . = ALIGN (0x8)
 *(.intvec_tc0_53)

.inttab_tc0_036 memory region -> pfls0
                0x801f46c0        0x0
                0x801f46c0                . = ALIGN (0x8)
 *(.intvec_tc0_54)

.inttab_tc0_037 memory region -> pfls0
                0x801f46e0        0x0
                0x801f46e0                . = ALIGN (0x8)
 *(.intvec_tc0_55)

.inttab_tc0_038 memory region -> pfls0
                0x801f4700        0x0
                0x801f4700                . = ALIGN (0x8)
 *(.intvec_tc0_56)

.inttab_tc0_039 memory region -> pfls0
                0x801f4720        0x0
                0x801f4720                . = ALIGN (0x8)
 *(.intvec_tc0_57)

.inttab_tc0_03A memory region -> pfls0
                0x801f4740        0x0
                0x801f4740                . = ALIGN (0x8)
 *(.intvec_tc0_58)

.inttab_tc0_03B memory region -> pfls0
                0x801f4760        0x0
                0x801f4760                . = ALIGN (0x8)
 *(.intvec_tc0_59)

.inttab_tc0_03C memory region -> pfls0
                0x801f4780        0x0
                0x801f4780                . = ALIGN (0x8)
 *(.intvec_tc0_60)

.inttab_tc0_03D memory region -> pfls0
                0x801f47a0        0x0
                0x801f47a0                . = ALIGN (0x8)
 *(.intvec_tc0_61)

.inttab_tc0_03E memory region -> pfls0
                0x801f47c0        0x0
                0x801f47c0                . = ALIGN (0x8)
 *(.intvec_tc0_62)

.inttab_tc0_03F memory region -> pfls0
                0x801f47e0        0x0
                0x801f47e0                . = ALIGN (0x8)
 *(.intvec_tc0_63)

.inttab_tc0_040 memory region -> pfls0
                0x801f4800        0x0
                0x801f4800                . = ALIGN (0x8)
 *(.intvec_tc0_64)

.inttab_tc0_041 memory region -> pfls0
                0x801f4820        0x0
                0x801f4820                . = ALIGN (0x8)
 *(.intvec_tc0_65)

.inttab_tc0_042 memory region -> pfls0
                0x801f4840        0x0
                0x801f4840                . = ALIGN (0x8)
 *(.intvec_tc0_66)

.inttab_tc0_043 memory region -> pfls0
                0x801f4860        0x0
                0x801f4860                . = ALIGN (0x8)
 *(.intvec_tc0_67)

.inttab_tc0_044 memory region -> pfls0
                0x801f4880        0x0
                0x801f4880                . = ALIGN (0x8)
 *(.intvec_tc0_68)

.inttab_tc0_045 memory region -> pfls0
                0x801f48a0        0x0
                0x801f48a0                . = ALIGN (0x8)
 *(.intvec_tc0_69)

.inttab_tc0_046 memory region -> pfls0
                0x801f48c0        0x0
                0x801f48c0                . = ALIGN (0x8)
 *(.intvec_tc0_70)

.inttab_tc0_047 memory region -> pfls0
                0x801f48e0        0x0
                0x801f48e0                . = ALIGN (0x8)
 *(.intvec_tc0_71)

.inttab_tc0_048 memory region -> pfls0
                0x801f4900        0x0
                0x801f4900                . = ALIGN (0x8)
 *(.intvec_tc0_72)

.inttab_tc0_049 memory region -> pfls0
                0x801f4920        0x0
                0x801f4920                . = ALIGN (0x8)
 *(.intvec_tc0_73)

.inttab_tc0_04A memory region -> pfls0
                0x801f4940        0x0
                0x801f4940                . = ALIGN (0x8)
 *(.intvec_tc0_74)

.inttab_tc0_04B memory region -> pfls0
                0x801f4960        0x0
                0x801f4960                . = ALIGN (0x8)
 *(.intvec_tc0_75)

.inttab_tc0_04C memory region -> pfls0
                0x801f4980        0x0
                0x801f4980                . = ALIGN (0x8)
 *(.intvec_tc0_76)

.inttab_tc0_04D memory region -> pfls0
                0x801f49a0        0x0
                0x801f49a0                . = ALIGN (0x8)
 *(.intvec_tc0_77)

.inttab_tc0_04E memory region -> pfls0
                0x801f49c0        0x0
                0x801f49c0                . = ALIGN (0x8)
 *(.intvec_tc0_78)

.inttab_tc0_04F memory region -> pfls0
                0x801f49e0        0x0
                0x801f49e0                . = ALIGN (0x8)
 *(.intvec_tc0_79)

.inttab_tc0_050 memory region -> pfls0
                0x801f4a00        0x0
                0x801f4a00                . = ALIGN (0x8)
 *(.intvec_tc0_80)

.inttab_tc0_051 memory region -> pfls0
                0x801f4a20        0x0
                0x801f4a20                . = ALIGN (0x8)
 *(.intvec_tc0_81)

.inttab_tc0_052 memory region -> pfls0
                0x801f4a40        0x0
                0x801f4a40                . = ALIGN (0x8)
 *(.intvec_tc0_82)

.inttab_tc0_053 memory region -> pfls0
                0x801f4a60        0x0
                0x801f4a60                . = ALIGN (0x8)
 *(.intvec_tc0_83)

.inttab_tc0_054 memory region -> pfls0
                0x801f4a80        0x0
                0x801f4a80                . = ALIGN (0x8)
 *(.intvec_tc0_84)

.inttab_tc0_055 memory region -> pfls0
                0x801f4aa0        0x0
                0x801f4aa0                . = ALIGN (0x8)
 *(.intvec_tc0_85)

.inttab_tc0_056 memory region -> pfls0
                0x801f4ac0        0x0
                0x801f4ac0                . = ALIGN (0x8)
 *(.intvec_tc0_86)

.inttab_tc0_057 memory region -> pfls0
                0x801f4ae0        0x0
                0x801f4ae0                . = ALIGN (0x8)
 *(.intvec_tc0_87)

.inttab_tc0_058 memory region -> pfls0
                0x801f4b00        0x0
                0x801f4b00                . = ALIGN (0x8)
 *(.intvec_tc0_88)

.inttab_tc0_059 memory region -> pfls0
                0x801f4b20        0x0
                0x801f4b20                . = ALIGN (0x8)
 *(.intvec_tc0_89)

.inttab_tc0_05A memory region -> pfls0
                0x801f4b40        0x0
                0x801f4b40                . = ALIGN (0x8)
 *(.intvec_tc0_90)

.inttab_tc0_05B memory region -> pfls0
                0x801f4b60        0x0
                0x801f4b60                . = ALIGN (0x8)
 *(.intvec_tc0_91)

.inttab_tc0_05C memory region -> pfls0
                0x801f4b80        0x0
                0x801f4b80                . = ALIGN (0x8)
 *(.intvec_tc0_92)

.inttab_tc0_05D memory region -> pfls0
                0x801f4ba0        0x0
                0x801f4ba0                . = ALIGN (0x8)
 *(.intvec_tc0_93)

.inttab_tc0_05E memory region -> pfls0
                0x801f4bc0        0x0
                0x801f4bc0                . = ALIGN (0x8)
 *(.intvec_tc0_94)

.inttab_tc0_05F memory region -> pfls0
                0x801f4be0        0x0
                0x801f4be0                . = ALIGN (0x8)
 *(.intvec_tc0_95)

.inttab_tc0_060 memory region -> pfls0
                0x801f4c00        0x0
                0x801f4c00                . = ALIGN (0x8)
 *(.intvec_tc0_96)

.inttab_tc0_061 memory region -> pfls0
                0x801f4c20        0x0
                0x801f4c20                . = ALIGN (0x8)
 *(.intvec_tc0_97)

.inttab_tc0_062 memory region -> pfls0
                0x801f4c40        0x0
                0x801f4c40                . = ALIGN (0x8)
 *(.intvec_tc0_98)

.inttab_tc0_063 memory region -> pfls0
                0x801f4c60        0x0
                0x801f4c60                . = ALIGN (0x8)
 *(.intvec_tc0_99)

.inttab_tc0_064 memory region -> pfls0
                0x801f4c80        0x0
                0x801f4c80                . = ALIGN (0x8)
 *(.intvec_tc0_100)

.inttab_tc0_065 memory region -> pfls0
                0x801f4ca0        0x0
                0x801f4ca0                . = ALIGN (0x8)
 *(.intvec_tc0_101)

.inttab_tc0_066 memory region -> pfls0
                0x801f4cc0        0x0
                0x801f4cc0                . = ALIGN (0x8)
 *(.intvec_tc0_102)

.inttab_tc0_067 memory region -> pfls0
                0x801f4ce0        0x0
                0x801f4ce0                . = ALIGN (0x8)
 *(.intvec_tc0_103)

.inttab_tc0_068 memory region -> pfls0
                0x801f4d00        0x0
                0x801f4d00                . = ALIGN (0x8)
 *(.intvec_tc0_104)

.inttab_tc0_069 memory region -> pfls0
                0x801f4d20        0x0
                0x801f4d20                . = ALIGN (0x8)
 *(.intvec_tc0_105)

.inttab_tc0_06A memory region -> pfls0
                0x801f4d40        0x0
                0x801f4d40                . = ALIGN (0x8)
 *(.intvec_tc0_106)

.inttab_tc0_06B memory region -> pfls0
                0x801f4d60        0x0
                0x801f4d60                . = ALIGN (0x8)
 *(.intvec_tc0_107)

.inttab_tc0_06C memory region -> pfls0
                0x801f4d80        0x0
                0x801f4d80                . = ALIGN (0x8)
 *(.intvec_tc0_108)

.inttab_tc0_06D memory region -> pfls0
                0x801f4da0        0x0
                0x801f4da0                . = ALIGN (0x8)
 *(.intvec_tc0_109)

.inttab_tc0_06E memory region -> pfls0
                0x801f4dc0        0x0
                0x801f4dc0                . = ALIGN (0x8)
 *(.intvec_tc0_110)

.inttab_tc0_06F memory region -> pfls0
                0x801f4de0        0x0
                0x801f4de0                . = ALIGN (0x8)
 *(.intvec_tc0_111)

.inttab_tc0_070 memory region -> pfls0
                0x801f4e00        0x0
                0x801f4e00                . = ALIGN (0x8)
 *(.intvec_tc0_112)

.inttab_tc0_071 memory region -> pfls0
                0x801f4e20        0x0
                0x801f4e20                . = ALIGN (0x8)
 *(.intvec_tc0_113)

.inttab_tc0_072 memory region -> pfls0
                0x801f4e40        0x0
                0x801f4e40                . = ALIGN (0x8)
 *(.intvec_tc0_114)

.inttab_tc0_073 memory region -> pfls0
                0x801f4e60        0x0
                0x801f4e60                . = ALIGN (0x8)
 *(.intvec_tc0_115)

.inttab_tc0_074 memory region -> pfls0
                0x801f4e80        0x0
                0x801f4e80                . = ALIGN (0x8)
 *(.intvec_tc0_116)

.inttab_tc0_075 memory region -> pfls0
                0x801f4ea0        0x0
                0x801f4ea0                . = ALIGN (0x8)
 *(.intvec_tc0_117)

.inttab_tc0_076 memory region -> pfls0
                0x801f4ec0        0x0
                0x801f4ec0                . = ALIGN (0x8)
 *(.intvec_tc0_118)

.inttab_tc0_077 memory region -> pfls0
                0x801f4ee0        0x0
                0x801f4ee0                . = ALIGN (0x8)
 *(.intvec_tc0_119)

.inttab_tc0_078 memory region -> pfls0
                0x801f4f00        0x0
                0x801f4f00                . = ALIGN (0x8)
 *(.intvec_tc0_120)

.inttab_tc0_079 memory region -> pfls0
                0x801f4f20        0x0
                0x801f4f20                . = ALIGN (0x8)
 *(.intvec_tc0_121)

.inttab_tc0_07A memory region -> pfls0
                0x801f4f40        0x0
                0x801f4f40                . = ALIGN (0x8)
 *(.intvec_tc0_122)

.inttab_tc0_07B memory region -> pfls0
                0x801f4f60        0x0
                0x801f4f60                . = ALIGN (0x8)
 *(.intvec_tc0_123)

.inttab_tc0_07C memory region -> pfls0
                0x801f4f80        0x0
                0x801f4f80                . = ALIGN (0x8)
 *(.intvec_tc0_124)

.inttab_tc0_07D memory region -> pfls0
                0x801f4fa0        0x0
                0x801f4fa0                . = ALIGN (0x8)
 *(.intvec_tc0_125)

.inttab_tc0_07E memory region -> pfls0
                0x801f4fc0        0x0
                0x801f4fc0                . = ALIGN (0x8)
 *(.intvec_tc0_126)

.inttab_tc0_07F memory region -> pfls0
                0x801f4fe0        0x0
                0x801f4fe0                . = ALIGN (0x8)
 *(.intvec_tc0_127)

.inttab_tc0_080 memory region -> pfls0
                0x801f5000        0x0
                0x801f5000                . = ALIGN (0x8)
 *(.intvec_tc0_128)

.inttab_tc0_081 memory region -> pfls0
                0x801f5020        0x0
                0x801f5020                . = ALIGN (0x8)
 *(.intvec_tc0_129)

.inttab_tc0_082 memory region -> pfls0
                0x801f5040        0x0
                0x801f5040                . = ALIGN (0x8)
 *(.intvec_tc0_130)

.inttab_tc0_083 memory region -> pfls0
                0x801f5060        0x0
                0x801f5060                . = ALIGN (0x8)
 *(.intvec_tc0_131)

.inttab_tc0_084 memory region -> pfls0
                0x801f5080        0x0
                0x801f5080                . = ALIGN (0x8)
 *(.intvec_tc0_132)

.inttab_tc0_085 memory region -> pfls0
                0x801f50a0        0x0
                0x801f50a0                . = ALIGN (0x8)
 *(.intvec_tc0_133)

.inttab_tc0_086 memory region -> pfls0
                0x801f50c0        0x0
                0x801f50c0                . = ALIGN (0x8)
 *(.intvec_tc0_134)

.inttab_tc0_087 memory region -> pfls0
                0x801f50e0        0x0
                0x801f50e0                . = ALIGN (0x8)
 *(.intvec_tc0_135)

.inttab_tc0_088 memory region -> pfls0
                0x801f5100        0x0
                0x801f5100                . = ALIGN (0x8)
 *(.intvec_tc0_136)

.inttab_tc0_089 memory region -> pfls0
                0x801f5120        0x0
                0x801f5120                . = ALIGN (0x8)
 *(.intvec_tc0_137)

.inttab_tc0_08A memory region -> pfls0
                0x801f5140        0x0
                0x801f5140                . = ALIGN (0x8)
 *(.intvec_tc0_138)

.inttab_tc0_08B memory region -> pfls0
                0x801f5160        0x0
                0x801f5160                . = ALIGN (0x8)
 *(.intvec_tc0_139)

.inttab_tc0_08C memory region -> pfls0
                0x801f5180        0x0
                0x801f5180                . = ALIGN (0x8)
 *(.intvec_tc0_140)

.inttab_tc0_08D memory region -> pfls0
                0x801f51a0        0x0
                0x801f51a0                . = ALIGN (0x8)
 *(.intvec_tc0_141)

.inttab_tc0_08E memory region -> pfls0
                0x801f51c0        0x0
                0x801f51c0                . = ALIGN (0x8)
 *(.intvec_tc0_142)

.inttab_tc0_08F memory region -> pfls0
                0x801f51e0        0x0
                0x801f51e0                . = ALIGN (0x8)
 *(.intvec_tc0_143)

.inttab_tc0_090 memory region -> pfls0
                0x801f5200        0x0
                0x801f5200                . = ALIGN (0x8)
 *(.intvec_tc0_144)

.inttab_tc0_091 memory region -> pfls0
                0x801f5220        0x0
                0x801f5220                . = ALIGN (0x8)
 *(.intvec_tc0_145)

.inttab_tc0_092 memory region -> pfls0
                0x801f5240        0x0
                0x801f5240                . = ALIGN (0x8)
 *(.intvec_tc0_146)

.inttab_tc0_093 memory region -> pfls0
                0x801f5260        0x0
                0x801f5260                . = ALIGN (0x8)
 *(.intvec_tc0_147)

.inttab_tc0_094 memory region -> pfls0
                0x801f5280        0x0
                0x801f5280                . = ALIGN (0x8)
 *(.intvec_tc0_148)

.inttab_tc0_095 memory region -> pfls0
                0x801f52a0        0x0
                0x801f52a0                . = ALIGN (0x8)
 *(.intvec_tc0_149)

.inttab_tc0_096 memory region -> pfls0
                0x801f52c0        0x0
                0x801f52c0                . = ALIGN (0x8)
 *(.intvec_tc0_150)

.inttab_tc0_097 memory region -> pfls0
                0x801f52e0        0x0
                0x801f52e0                . = ALIGN (0x8)
 *(.intvec_tc0_151)

.inttab_tc0_098 memory region -> pfls0
                0x801f5300        0x0
                0x801f5300                . = ALIGN (0x8)
 *(.intvec_tc0_152)

.inttab_tc0_099 memory region -> pfls0
                0x801f5320        0x0
                0x801f5320                . = ALIGN (0x8)
 *(.intvec_tc0_153)

.inttab_tc0_09A memory region -> pfls0
                0x801f5340        0x0
                0x801f5340                . = ALIGN (0x8)
 *(.intvec_tc0_154)

.inttab_tc0_09B memory region -> pfls0
                0x801f5360        0x0
                0x801f5360                . = ALIGN (0x8)
 *(.intvec_tc0_155)

.inttab_tc0_09C memory region -> pfls0
                0x801f5380        0x0
                0x801f5380                . = ALIGN (0x8)
 *(.intvec_tc0_156)

.inttab_tc0_09D memory region -> pfls0
                0x801f53a0        0x0
                0x801f53a0                . = ALIGN (0x8)
 *(.intvec_tc0_157)

.inttab_tc0_09E memory region -> pfls0
                0x801f53c0        0x0
                0x801f53c0                . = ALIGN (0x8)
 *(.intvec_tc0_158)

.inttab_tc0_09F memory region -> pfls0
                0x801f53e0        0x0
                0x801f53e0                . = ALIGN (0x8)
 *(.intvec_tc0_159)

.inttab_tc0_0A0 memory region -> pfls0
                0x801f5400        0x0
                0x801f5400                . = ALIGN (0x8)
 *(.intvec_tc0_160)

.inttab_tc0_0A1 memory region -> pfls0
                0x801f5420        0x0
                0x801f5420                . = ALIGN (0x8)
 *(.intvec_tc0_161)

.inttab_tc0_0A2 memory region -> pfls0
                0x801f5440        0x0
                0x801f5440                . = ALIGN (0x8)
 *(.intvec_tc0_162)

.inttab_tc0_0A3 memory region -> pfls0
                0x801f5460        0x0
                0x801f5460                . = ALIGN (0x8)
 *(.intvec_tc0_163)

.inttab_tc0_0A4 memory region -> pfls0
                0x801f5480        0x0
                0x801f5480                . = ALIGN (0x8)
 *(.intvec_tc0_164)

.inttab_tc0_0A5 memory region -> pfls0
                0x801f54a0        0x0
                0x801f54a0                . = ALIGN (0x8)
 *(.intvec_tc0_165)

.inttab_tc0_0A6 memory region -> pfls0
                0x801f54c0        0x0
                0x801f54c0                . = ALIGN (0x8)
 *(.intvec_tc0_166)

.inttab_tc0_0A7 memory region -> pfls0
                0x801f54e0        0x0
                0x801f54e0                . = ALIGN (0x8)
 *(.intvec_tc0_167)

.inttab_tc0_0A8 memory region -> pfls0
                0x801f5500        0x0
                0x801f5500                . = ALIGN (0x8)
 *(.intvec_tc0_168)

.inttab_tc0_0A9 memory region -> pfls0
                0x801f5520        0x0
                0x801f5520                . = ALIGN (0x8)
 *(.intvec_tc0_169)

.inttab_tc0_0AA memory region -> pfls0
                0x801f5540        0x0
                0x801f5540                . = ALIGN (0x8)
 *(.intvec_tc0_170)

.inttab_tc0_0AB memory region -> pfls0
                0x801f5560        0x0
                0x801f5560                . = ALIGN (0x8)
 *(.intvec_tc0_171)

.inttab_tc0_0AC memory region -> pfls0
                0x801f5580        0x0
                0x801f5580                . = ALIGN (0x8)
 *(.intvec_tc0_172)

.inttab_tc0_0AD memory region -> pfls0
                0x801f55a0        0x0
                0x801f55a0                . = ALIGN (0x8)
 *(.intvec_tc0_173)

.inttab_tc0_0AE memory region -> pfls0
                0x801f55c0        0x0
                0x801f55c0                . = ALIGN (0x8)
 *(.intvec_tc0_174)

.inttab_tc0_0AF memory region -> pfls0
                0x801f55e0        0x0
                0x801f55e0                . = ALIGN (0x8)
 *(.intvec_tc0_175)

.inttab_tc0_0B0 memory region -> pfls0
                0x801f5600        0x0
                0x801f5600                . = ALIGN (0x8)
 *(.intvec_tc0_176)

.inttab_tc0_0B1 memory region -> pfls0
                0x801f5620        0x0
                0x801f5620                . = ALIGN (0x8)
 *(.intvec_tc0_177)

.inttab_tc0_0B2 memory region -> pfls0
                0x801f5640        0x0
                0x801f5640                . = ALIGN (0x8)
 *(.intvec_tc0_178)

.inttab_tc0_0B3 memory region -> pfls0
                0x801f5660        0x0
                0x801f5660                . = ALIGN (0x8)
 *(.intvec_tc0_179)

.inttab_tc0_0B4 memory region -> pfls0
                0x801f5680        0x0
                0x801f5680                . = ALIGN (0x8)
 *(.intvec_tc0_180)

.inttab_tc0_0B5 memory region -> pfls0
                0x801f56a0        0x0
                0x801f56a0                . = ALIGN (0x8)
 *(.intvec_tc0_181)

.inttab_tc0_0B6 memory region -> pfls0
                0x801f56c0        0x0
                0x801f56c0                . = ALIGN (0x8)
 *(.intvec_tc0_182)

.inttab_tc0_0B7 memory region -> pfls0
                0x801f56e0        0x0
                0x801f56e0                . = ALIGN (0x8)
 *(.intvec_tc0_183)

.inttab_tc0_0B8 memory region -> pfls0
                0x801f5700        0x0
                0x801f5700                . = ALIGN (0x8)
 *(.intvec_tc0_184)

.inttab_tc0_0B9 memory region -> pfls0
                0x801f5720        0x0
                0x801f5720                . = ALIGN (0x8)
 *(.intvec_tc0_185)

.inttab_tc0_0BA memory region -> pfls0
                0x801f5740        0x0
                0x801f5740                . = ALIGN (0x8)
 *(.intvec_tc0_186)

.inttab_tc0_0BB memory region -> pfls0
                0x801f5760        0x0
                0x801f5760                . = ALIGN (0x8)
 *(.intvec_tc0_187)

.inttab_tc0_0BC memory region -> pfls0
                0x801f5780        0x0
                0x801f5780                . = ALIGN (0x8)
 *(.intvec_tc0_188)

.inttab_tc0_0BD memory region -> pfls0
                0x801f57a0        0x0
                0x801f57a0                . = ALIGN (0x8)
 *(.intvec_tc0_189)

.inttab_tc0_0BE memory region -> pfls0
                0x801f57c0        0x0
                0x801f57c0                . = ALIGN (0x8)
 *(.intvec_tc0_190)

.inttab_tc0_0BF memory region -> pfls0
                0x801f57e0        0x0
                0x801f57e0                . = ALIGN (0x8)
 *(.intvec_tc0_191)

.inttab_tc0_0C0 memory region -> pfls0
                0x801f5800        0x0
                0x801f5800                . = ALIGN (0x8)
 *(.intvec_tc0_192)

.inttab_tc0_0C1 memory region -> pfls0
                0x801f5820        0x0
                0x801f5820                . = ALIGN (0x8)
 *(.intvec_tc0_193)

.inttab_tc0_0C2 memory region -> pfls0
                0x801f5840        0x0
                0x801f5840                . = ALIGN (0x8)
 *(.intvec_tc0_194)

.inttab_tc0_0C3 memory region -> pfls0
                0x801f5860        0x0
                0x801f5860                . = ALIGN (0x8)
 *(.intvec_tc0_195)

.inttab_tc0_0C4 memory region -> pfls0
                0x801f5880        0x0
                0x801f5880                . = ALIGN (0x8)
 *(.intvec_tc0_196)

.inttab_tc0_0C5 memory region -> pfls0
                0x801f58a0        0x0
                0x801f58a0                . = ALIGN (0x8)
 *(.intvec_tc0_197)

.inttab_tc0_0C6 memory region -> pfls0
                0x801f58c0        0x0
                0x801f58c0                . = ALIGN (0x8)
 *(.intvec_tc0_198)

.inttab_tc0_0C7 memory region -> pfls0
                0x801f58e0        0x0
                0x801f58e0                . = ALIGN (0x8)
 *(.intvec_tc0_199)

.inttab_tc0_0C8 memory region -> pfls0
                0x801f5900        0x0
                0x801f5900                . = ALIGN (0x8)
 *(.intvec_tc0_200)

.inttab_tc0_0C9 memory region -> pfls0
                0x801f5920        0x0
                0x801f5920                . = ALIGN (0x8)
 *(.intvec_tc0_201)

.inttab_tc0_0CA memory region -> pfls0
                0x801f5940        0x0
                0x801f5940                . = ALIGN (0x8)
 *(.intvec_tc0_202)

.inttab_tc0_0CB memory region -> pfls0
                0x801f5960        0x0
                0x801f5960                . = ALIGN (0x8)
 *(.intvec_tc0_203)
